[
    {
        "Id": "sha256:0002cd15f134ef321f48f403721ca4c082d1cd5d7670ba1ad2f5584d49118f6e",
        "RepoTags": [
            "swift:6.3.3-slim"
        ],
        "RepoDigests": [
            "swift@sha256:d20e340aeaf7109919b2a15c95569470070cca4d34dae40dfa58339a2aa734df"
        ],
        "Parent": "",
        "Comment": "buildkit.dockerfile.v0",
        "Created": "2026-09-09T02:38:26.834870766Z",
        "DockerVersion": "",
        "Author": "",
        "Config": {
            "Hostname": "",
            "Domainname": "",
            "User": "",
            "AttachStdin": false,
            "AttachStdout": false,
            "AttachStderr": false,
            "Tty": false,
            "OpenStdin": false,
            "StdinOnce": false,
            "Env": [
                "PATH=/usr/local/sbin:/usr/local/bin:/usr/sbin:/usr/bin:/sbin:/bin",
                "SWIFT_SIGNING_KEY=52BB7E3DE28A71BE22EC05FFEF80A866B47A981F",
                "SWIFT_PLATFORM=ubuntu24.04",
                "SWIFT_BRANCH=swift-6.3.3-release",
                "SWIFT_VERSION=swift-6.3.3-RELEASE",
                "SWIFT_WEBROOT=https://download.swift.org"
            ],
            "Cmd": [
                "/bin/bash"
            ],
            "Image": "",
            "Volumes": null,
            "WorkingDir": "",
            "Entrypoint": null,
            "OnBuild": null,
            "Labels": {
                "description": "Docker Container for the Swift programming language",
                "maintainer": "Swift Infrastructure <swift-infrastructure@forums.swift.org>",
                "org.opencontainers.image.version": "24.04"
            }
        },
        "Architecture": "arm64",
        "Variant": "v8",
        "Os": "linux",
        "Size": 310020976,
        "GraphDriver": {
            "Data": {
                "LowerDir": "/var/lib/docker/overlay2/4c1b77cc29ee38a0fd633cef1e0d4d85c4e4d0ad6df3ea5891818ea0598a2174/diff:/var/lib/docker/overlay2/aed2c26ac7d08c8a7c74115c7977e8f2b9f90605f7fe91e9ee385ee1c5199ddb/diff",
                "MergedDir": "/var/lib/docker/overlay2/51634b557bb706a887eeb832186f0f4afb098dc78420a993d7321ede7f9c59d9/merged",
                "UpperDir": "/var/lib/docker/overlay2/51634b557bb706a887eeb832186f0f4afb098dc78420a993d7321ede7f9c59d9/diff",
                "WorkDir": "/var/lib/docker/overlay2/51634b557bb706a887eeb832186f0f4afb098dc78420a993d7321ede7f9c59d9/work"
            },
            "Name": "overlay2"
        },
        "RootFS": {
            "Type": "layers",
            "Layers": [
                "sha256:01c818468a75d080ea22eed90a9fa08caeb68931c680c3023b01a0b0427a8641",
                "sha256:1a0a36513232542f2aa8ca718e290b97b401aafb5504d74a45646943748eadd3",
                "sha256:183fdc7c6f4cb464d21412fcf5bdddb94b0ec1d7ccac0b2dc0bb7867e37a91e9"
            ]
        },
        "Metadata": {
            "LastTagTime": "0001-01-01T00:00:00Z"
        }
    }
]
