#0 building with "default" instance using docker driver

#1 [internal] load build definition from Dockerfile
#1 transferring dockerfile: 649B 0.0s done
#1 DONE 0.0s

#2 [internal] load metadata for docker.io/library/swift:6.3.3
#2 DONE 0.0s

#3 [internal] load .dockerignore
#3 transferring context: 71B done
#3 DONE 0.0s

#4 [build 1/4] FROM docker.io/library/swift:6.3.3
#4 DONE 0.0s

#5 [internal] load build context
#5 transferring context: 232.88kB done
#5 DONE 0.0s

#6 [build 2/4] WORKDIR /app
#6 DONE 0.0s

#7 [build 3/4] COPY PrimeSieve.swift Benchmark.swift BenchmarkObserver.swift ./
#7 DONE 0.0s

#8 [build 4/4] RUN mkdir -p .build &&     swiftc -O -parse-as-library -module-name BenchmarkObserver       -emit-module -emit-module-path .build/BenchmarkObserver.swiftmodule       -emit-object BenchmarkObserver.swift -o .build/BenchmarkObserver.o &&     swiftc -O -whole-module-optimization -I .build       PrimeSieve.swift Benchmark.swift .build/BenchmarkObserver.o       -o /app/PrimeSwift
#8 DONE 120.6s

#9 exporting to image
#9 exporting layers
#9 exporting layers 0.4s done
#9 writing image sha256:1809460af82e781e99b7cc4a134bc01c30a7d825a45b6c0933527ee2b2fe6f55 done
#9 naming to docker.io/library/swift-validation-build:099e35afa8a2-arm64 done
#9 DONE 0.4s
