[
    {
        "Id": "sha256:1809460af82e781e99b7cc4a134bc01c30a7d825a45b6c0933527ee2b2fe6f55",
        "RepoTags": [
            "swift-validation-build:099e35afa8a2-arm64"
        ],
        "RepoDigests": [],
        "Parent": "",
        "Comment": "buildkit.dockerfile.v0",
        "Created": "2026-09-13T00:21:52.646376713Z",
        "DockerVersion": "",
        "Author": "",
        "Config": {
            "Hostname": "",
            "Domainname": "",
            "User": "",
            "AttachStdin": false,
            "AttachStdout": false,
            "AttachStderr": false,
            "Tty": false,
            "OpenStdin": false,
            "StdinOnce": false,
            "Env": [
                "PATH=/usr/local/sbin:/usr/local/bin:/usr/sbin:/usr/bin:/sbin:/bin",
                "SWIFT_SIGNING_KEY=52BB7E3DE28A71BE22EC05FFEF80A866B47A981F",
                "SWIFT_PLATFORM=ubuntu24.04",
                "SWIFT_BRANCH=swift-6.3.3-release",
                "SWIFT_VERSION=swift-6.3.3-RELEASE",
                "SWIFT_WEBROOT=https://download.swift.org"
            ],
            "Cmd": [
                "/bin/bash"
            ],
            "Image": "",
            "Volumes": null,
            "WorkingDir": "/app",
            "Entrypoint": null,
            "OnBuild": null,
            "Labels": {
                "description": "Docker Container for the Swift programming language",
                "maintainer": "Swift Infrastructure <swift-infrastructure@forums.swift.org>",
                "org.opencontainers.image.version": "24.04"
            }
        },
        "Architecture": "arm64",
        "Os": "linux",
        "Size": 3993576355,
        "GraphDriver": {
            "Data": {
                "LowerDir": "/var/lib/docker/overlay2/d0n56l278dx1eowxqrewt998q/diff:/var/lib/docker/overlay2/9llks5e6lwe0u9ihb88q5ik6m/diff:/var/lib/docker/overlay2/1227068fbc675d5f8451dd99bdff3acf33a4d55ead2ad06b9c9d4502aa447333/diff:/var/lib/docker/overlay2/c67712af0a0718d92bcfb37a3c440145905a8436b135e64adffba459f5a2f5b4/diff:/var/lib/docker/overlay2/2788f4dd9634d30fbea5c02598a032a4f1bcffdebab66836198188f0b16f70a2/diff:/var/lib/docker/overlay2/aed2c26ac7d08c8a7c74115c7977e8f2b9f90605f7fe91e9ee385ee1c5199ddb/diff",
                "MergedDir": "/var/lib/docker/overlay2/ilbb0o12i96p4tkvctk2xs84h/merged",
                "UpperDir": "/var/lib/docker/overlay2/ilbb0o12i96p4tkvctk2xs84h/diff",
                "WorkDir": "/var/lib/docker/overlay2/ilbb0o12i96p4tkvctk2xs84h/work"
            },
            "Name": "overlay2"
        },
        "RootFS": {
            "Type": "layers",
            "Layers": [
                "sha256:01c818468a75d080ea22eed90a9fa08caeb68931c680c3023b01a0b0427a8641",
                "sha256:213c088f76ae22ccd74f9799f93738b733e5877523711caaf80f8cf960aa374d",
                "sha256:b1b42b8b7faeb1690c8f0b3053d07865817c517205d29978dd5b00cca59f7aaa",
                "sha256:df3bcfb4235838d0d307289e46b61b69a1b30a66a8cc8c4d38094cb14c502321",
                "sha256:86f0fd81121354fe73e5ac91c6def244a1512bfccf3763a81c2cf033cd40ebf5",
                "sha256:bd87690d1e877b2609847a423b722f4dfaff2d095423f092cdd87690dd55b685",
                "sha256:fc9cf93d73a89ae8e5f281500fc70a6c0d5032176ee10e693022cb48f35d1afe"
            ]
        },
        "Metadata": {
            "LastTagTime": "2026-09-13T00:21:53.00802478Z"
        }
    }
]
