2026-09-13T00:19:16.2441256Z Current runner version: '2.337.0'
2026-09-13T00:19:16.2472521Z ##[group]Runner Image Provisioner
2026-09-13T00:19:16.2473869Z Hosted Compute Agent
2026-09-13T00:19:16.2474457Z Version: 20260828.587
2026-09-13T00:19:16.2475150Z Commit: abac92662cab4cc7352de4f9f9d2e2419aad9c29
2026-09-13T00:19:16.2476038Z Build Date: 2026-08-28T16:44:25Z
2026-09-13T00:19:16.2476854Z Worker ID: {f4bbf775-95aa-49c7-9f9a-8415690d3ac9}
2026-09-13T00:19:16.2477695Z Azure Region: eastus2
2026-09-13T00:19:16.2478290Z ##[endgroup]
2026-09-13T00:19:16.2480603Z ##[group]Operating System
2026-09-13T00:19:16.2482279Z Ubuntu
2026-09-13T00:19:16.2482806Z 24.04.5
2026-09-13T00:19:16.2483426Z LTS
2026-09-13T00:19:16.2483935Z ##[endgroup]
2026-09-13T00:19:16.2484481Z ##[group]Runner Image
2026-09-13T00:19:16.2485209Z Image: ubuntu-24.04-arm
2026-09-13T00:19:16.2485810Z Version: 20260907.118.1
2026-09-13T00:19:16.2487250Z Included Software: https://github.com/actions/runner-images/blob/ubuntu24-arm64/20260907.118/images/ubuntu/Ubuntu2404-Arm64-Readme.md
2026-09-13T00:19:16.2488873Z Image Release: https://github.com/actions/runner-images/releases/tag/ubuntu24-arm64%2F20260907.118
2026-09-13T00:19:16.2490153Z ##[endgroup]
2026-09-13T00:19:16.2491364Z ##[group]GITHUB_TOKEN Permissions
2026-09-13T00:19:16.2494625Z Contents: read
2026-09-13T00:19:16.2495250Z Metadata: read
2026-09-13T00:19:16.2495913Z ##[endgroup]
2026-09-13T00:19:16.2499587Z Secret source: Actions
2026-09-13T00:19:16.2501020Z Cache mode: write
2026-09-13T00:19:16.2502077Z Prepare workflow directory
2026-09-13T00:19:16.2949202Z Prepare all required actions
2026-09-13T00:19:16.3003867Z Getting action download info
2026-09-13T00:19:16.4857148Z Download action repository 'actions/checkout@d23441a48e516b6c34aea4fa41551a30e30af803' (SHA:d23441a48e516b6c34aea4fa41551a30e30af803)
2026-09-13T00:19:16.6163117Z Download action repository 'actions/upload-artifact@043fb46d1a93c77aae656e7c1c64a875d1fc6a0a' (SHA:043fb46d1a93c77aae656e7c1c64a875d1fc6a0a)
2026-09-13T00:19:16.8570711Z Complete job name: Validate cutoff 111 on native arm64
2026-09-13T00:19:16.9424056Z ##[group]Run actions/checkout@d23441a48e516b6c34aea4fa41551a30e30af803
2026-09-13T00:19:16.9425795Z with:
2026-09-13T00:19:16.9426489Z   ref: 028125534a516a9adca0cd8f7419bd74d2b51975
2026-09-13T00:19:16.9427229Z   path: workflow
2026-09-13T00:19:16.9427889Z   persist-credentials: false
2026-09-13T00:19:16.9428543Z   repository: fahlman/Primes
2026-09-13T00:19:16.9432941Z   token: ***
2026-09-13T00:19:16.9433583Z   ssh-strict: true
2026-09-13T00:19:16.9434496Z   ssh-user: git
2026-09-13T00:19:16.9435114Z   clean: true
2026-09-13T00:19:16.9435684Z   sparse-checkout-cone-mode: true
2026-09-13T00:19:16.9436473Z   fetch-depth: 1
2026-09-13T00:19:16.9437138Z   fetch-tags: false
2026-09-13T00:19:16.9437695Z   show-progress: true
2026-09-13T00:19:16.9438345Z   lfs: false
2026-09-13T00:19:16.9438889Z   submodules: false
2026-09-13T00:19:16.9439508Z   set-safe-directory: true
2026-09-13T00:19:16.9440419Z   allow-unsafe-pr-checkout: false
2026-09-13T00:19:16.9441859Z env:
2026-09-13T00:19:16.9442738Z   SOLUTION_REVISION: 099e35afa8a2f01d79ef11f805d760e81d1d983a
2026-09-13T00:19:16.9443491Z ##[endgroup]
2026-09-13T00:19:17.0324761Z Syncing repository: fahlman/Primes
2026-09-13T00:19:17.0327095Z ##[group]Getting Git version info
2026-09-13T00:19:17.0328242Z Working directory is '/home/runner/work/Primes/Primes/workflow'
2026-09-13T00:19:17.0347865Z [command]/usr/bin/git version
2026-09-13T00:19:17.0431569Z git version 2.55.0
2026-09-13T00:19:17.0451090Z ##[endgroup]
2026-09-13T00:19:17.0464231Z Temporarily overriding HOME='/home/runner/work/_temp/669e755d-1d60-4208-af9a-b923c57c37f8' before making global git config changes
2026-09-13T00:19:17.0466017Z Adding repository directory to the temporary git global config as a safe directory
2026-09-13T00:19:17.0468914Z [command]/usr/bin/git config --global --add safe.directory /home/runner/work/Primes/Primes/workflow
2026-09-13T00:19:17.0500984Z ##[group]Determining repository object format
2026-09-13T00:19:17.0503812Z ##[endgroup]
2026-09-13T00:19:17.0506031Z ##[group]Initializing the repository
2026-09-13T00:19:17.0509730Z [command]/usr/bin/git init /home/runner/work/Primes/Primes/workflow
2026-09-13T00:19:17.0589516Z hint: Using 'master' as the name for the initial branch. This default branch name
2026-09-13T00:19:17.0590997Z hint: will change to "main" in Git 3.0. To configure the initial branch name
2026-09-13T00:19:17.0592021Z hint: to use in all of your new repositories, which will suppress this warning,
2026-09-13T00:19:17.0593045Z hint: call:
2026-09-13T00:19:17.0593576Z hint:
2026-09-13T00:19:17.0594287Z hint: 	git config --global init.defaultBranch <name>
2026-09-13T00:19:17.0595045Z hint:
2026-09-13T00:19:17.0595762Z hint: Names commonly chosen instead of 'master' are 'main', 'trunk' and
2026-09-13T00:19:17.0596983Z hint: 'development'. The just-created branch can be renamed via this command:
2026-09-13T00:19:17.0597814Z hint:
2026-09-13T00:19:17.0598401Z hint: 	git branch -m <name>
2026-09-13T00:19:17.0599023Z hint:
2026-09-13T00:19:17.0600058Z hint: Disable this message with "git config set advice.defaultBranchName false"
2026-09-13T00:19:17.0611556Z Initialized empty Git repository in /home/runner/work/Primes/Primes/workflow/.git/
2026-09-13T00:19:17.0614353Z [command]/usr/bin/git remote add origin https://github.com/fahlman/Primes
2026-09-13T00:19:17.0650531Z ##[endgroup]
2026-09-13T00:19:17.0651787Z ##[group]Disabling automatic garbage collection
2026-09-13T00:19:17.0653877Z [command]/usr/bin/git config --local gc.auto 0
2026-09-13T00:19:17.0683610Z ##[endgroup]
2026-09-13T00:19:17.0684980Z ##[group]Setting up auth
2026-09-13T00:19:17.0686349Z Removing SSH command configuration
2026-09-13T00:19:17.0689145Z [command]/usr/bin/git config --local --name-only --get-regexp core\.sshCommand
2026-09-13T00:19:17.0720467Z [command]/usr/bin/git submodule foreach --recursive sh -c "git config --local --name-only --get-regexp 'core\.sshCommand' && git config --local --unset-all 'core.sshCommand' || :"
2026-09-13T00:19:17.1010597Z Removing HTTP extra header
2026-09-13T00:19:17.1017029Z [command]/usr/bin/git config --local --name-only --get-regexp http\.https\:\/\/github\.com\/\.extraheader
2026-09-13T00:19:17.1048019Z [command]/usr/bin/git submodule foreach --recursive sh -c "git config --local --name-only --get-regexp 'http\.https\:\/\/github\.com\/\.extraheader' && git config --local --unset-all 'http.https://github.com/.extraheader' || :"
2026-09-13T00:19:17.1246292Z Removing includeIf entries pointing to credentials config files
2026-09-13T00:19:17.1252752Z [command]/usr/bin/git config --local --name-only --get-regexp ^includeIf\.gitdir:
2026-09-13T00:19:17.1287472Z [command]/usr/bin/git submodule foreach --recursive git config --local --show-origin --name-only --get-regexp remote.origin.url
2026-09-13T00:19:17.1489686Z [command]/usr/bin/git config --file /home/runner/work/_temp/git-credentials-ff1a6dd1-3eb0-42a7-a67d-a8c654c4214c.config http.https://github.com/.extraheader AUTHORIZATION: basic ***
2026-09-13T00:19:17.1528485Z [command]/usr/bin/git config --local includeIf.gitdir:/home/runner/work/Primes/Primes/workflow/.git.path /home/runner/work/_temp/git-credentials-ff1a6dd1-3eb0-42a7-a67d-a8c654c4214c.config
2026-09-13T00:19:17.1557988Z [command]/usr/bin/git config --local includeIf.gitdir:/home/runner/work/Primes/Primes/workflow/.git/worktrees/*.path /home/runner/work/_temp/git-credentials-ff1a6dd1-3eb0-42a7-a67d-a8c654c4214c.config
2026-09-13T00:19:17.1589615Z [command]/usr/bin/git config --local includeIf.gitdir:/github/workspace/workflow/.git.path /github/runner_temp/git-credentials-ff1a6dd1-3eb0-42a7-a67d-a8c654c4214c.config
2026-09-13T00:19:17.1622698Z [command]/usr/bin/git config --local includeIf.gitdir:/github/workspace/workflow/.git/worktrees/*.path /github/runner_temp/git-credentials-ff1a6dd1-3eb0-42a7-a67d-a8c654c4214c.config
2026-09-13T00:19:17.1649714Z ##[endgroup]
2026-09-13T00:19:17.1650941Z ##[group]Fetching the repository
2026-09-13T00:19:17.1658766Z [command]/usr/bin/git -c protocol.version=2 fetch --no-tags --prune --no-recurse-submodules --depth=1 origin 028125534a516a9adca0cd8f7419bd74d2b51975
2026-09-13T00:19:17.6818713Z From https://github.com/fahlman/Primes
2026-09-13T00:19:17.6842210Z  * branch            028125534a516a9adca0cd8f7419bd74d2b51975 -> FETCH_HEAD
2026-09-13T00:19:17.6873194Z [command]/usr/bin/git rev-parse --verify --quiet 028125534a516a9adca0cd8f7419bd74d2b51975^{object}
2026-09-13T00:19:17.6874481Z 028125534a516a9adca0cd8f7419bd74d2b51975
2026-09-13T00:19:17.6876830Z ##[endgroup]
2026-09-13T00:19:17.6877997Z ##[group]Determining the checkout info
2026-09-13T00:19:17.6879118Z ##[endgroup]
2026-09-13T00:19:17.6880173Z [command]/usr/bin/git sparse-checkout disable
2026-09-13T00:19:17.6902785Z [command]/usr/bin/git config --local --unset-all extensions.worktreeConfig
2026-09-13T00:19:17.6931391Z ##[group]Checking out the ref
2026-09-13T00:19:17.6933227Z [command]/usr/bin/git checkout --progress --force 028125534a516a9adca0cd8f7419bd74d2b51975
2026-09-13T00:19:17.7585870Z Note: switching to '028125534a516a9adca0cd8f7419bd74d2b51975'.
2026-09-13T00:19:17.7586966Z 
2026-09-13T00:19:17.7587719Z You are in 'detached HEAD' state. You can look around, make experimental
2026-09-13T00:19:17.7589454Z changes and commit them, and you can discard any commits you make in this
2026-09-13T00:19:17.7591843Z state without impacting any branches by switching back to a branch.
2026-09-13T00:19:17.7592892Z 
2026-09-13T00:19:17.7593559Z If you want to create a new branch to retain commits you create, you may
2026-09-13T00:19:17.7595227Z do so (now or later) by using -c with the switch command. Example:
2026-09-13T00:19:17.7596202Z 
2026-09-13T00:19:17.7596646Z   git switch -c <new-branch-name>
2026-09-13T00:19:17.7597337Z 
2026-09-13T00:19:17.7597757Z Or undo this operation with:
2026-09-13T00:19:17.7598428Z 
2026-09-13T00:19:17.7598836Z   git switch -
2026-09-13T00:19:17.7599361Z 
2026-09-13T00:19:17.7600358Z Turn off this advice by setting config variable advice.detachedHead to false
2026-09-13T00:19:17.7601433Z 
2026-09-13T00:19:17.7602685Z HEAD is now at 0281255 Record focused Docker lifecycle regression checks
2026-09-13T00:19:17.7606527Z ##[endgroup]
2026-09-13T00:19:17.7637981Z [command]/usr/bin/git log -1 --format=%H
2026-09-13T00:19:17.7663397Z 028125534a516a9adca0cd8f7419bd74d2b51975
2026-09-13T00:19:17.7672307Z ##[group]Removing auth
2026-09-13T00:19:17.7673418Z Removing SSH command configuration
2026-09-13T00:19:17.7676021Z [command]/usr/bin/git config --local --name-only --get-regexp core\.sshCommand
2026-09-13T00:19:17.7705966Z [command]/usr/bin/git submodule foreach --recursive sh -c "git config --local --name-only --get-regexp 'core\.sshCommand' && git config --local --unset-all 'core.sshCommand' || :"
2026-09-13T00:19:17.7907627Z Removing HTTP extra header
2026-09-13T00:19:17.7910111Z [command]/usr/bin/git config --local --name-only --get-regexp http\.https\:\/\/github\.com\/\.extraheader
2026-09-13T00:19:17.7943155Z [command]/usr/bin/git submodule foreach --recursive sh -c "git config --local --name-only --get-regexp 'http\.https\:\/\/github\.com\/\.extraheader' && git config --local --unset-all 'http.https://github.com/.extraheader' || :"
2026-09-13T00:19:17.8143612Z Removing includeIf entries pointing to credentials config files
2026-09-13T00:19:17.8145854Z [command]/usr/bin/git config --local --name-only --get-regexp ^includeIf\.gitdir:
2026-09-13T00:19:17.8169980Z includeif.gitdir:/home/runner/work/Primes/Primes/workflow/.git.path
2026-09-13T00:19:17.8172025Z includeif.gitdir:/home/runner/work/Primes/Primes/workflow/.git/worktrees/*.path
2026-09-13T00:19:17.8174009Z includeif.gitdir:/github/workspace/workflow/.git.path
2026-09-13T00:19:17.8175583Z includeif.gitdir:/github/workspace/workflow/.git/worktrees/*.path
2026-09-13T00:19:17.8179664Z [command]/usr/bin/git config --local --get-all includeif.gitdir:/home/runner/work/Primes/Primes/workflow/.git.path
2026-09-13T00:19:17.8201881Z /home/runner/work/_temp/git-credentials-ff1a6dd1-3eb0-42a7-a67d-a8c654c4214c.config
2026-09-13T00:19:17.8212384Z [command]/usr/bin/git config --local --unset includeif.gitdir:/home/runner/work/Primes/Primes/workflow/.git.path /home/runner/work/_temp/git-credentials-ff1a6dd1-3eb0-42a7-a67d-a8c654c4214c.config
2026-09-13T00:19:17.8243966Z [command]/usr/bin/git config --local --get-all includeif.gitdir:/home/runner/work/Primes/Primes/workflow/.git/worktrees/*.path
2026-09-13T00:19:17.8264522Z /home/runner/work/_temp/git-credentials-ff1a6dd1-3eb0-42a7-a67d-a8c654c4214c.config
2026-09-13T00:19:17.8273407Z [command]/usr/bin/git config --local --unset includeif.gitdir:/home/runner/work/Primes/Primes/workflow/.git/worktrees/*.path /home/runner/work/_temp/git-credentials-ff1a6dd1-3eb0-42a7-a67d-a8c654c4214c.config
2026-09-13T00:19:17.8303851Z [command]/usr/bin/git config --local --get-all includeif.gitdir:/github/workspace/workflow/.git.path
2026-09-13T00:19:17.8324698Z /github/runner_temp/git-credentials-ff1a6dd1-3eb0-42a7-a67d-a8c654c4214c.config
2026-09-13T00:19:17.8333602Z [command]/usr/bin/git config --local --unset includeif.gitdir:/github/workspace/workflow/.git.path /github/runner_temp/git-credentials-ff1a6dd1-3eb0-42a7-a67d-a8c654c4214c.config
2026-09-13T00:19:17.8366548Z [command]/usr/bin/git config --local --get-all includeif.gitdir:/github/workspace/workflow/.git/worktrees/*.path
2026-09-13T00:19:17.8389227Z /github/runner_temp/git-credentials-ff1a6dd1-3eb0-42a7-a67d-a8c654c4214c.config
2026-09-13T00:19:17.8395765Z [command]/usr/bin/git config --local --unset includeif.gitdir:/github/workspace/workflow/.git/worktrees/*.path /github/runner_temp/git-credentials-ff1a6dd1-3eb0-42a7-a67d-a8c654c4214c.config
2026-09-13T00:19:17.8427413Z [command]/usr/bin/git submodule foreach --recursive git config --local --show-origin --name-only --get-regexp remote.origin.url
2026-09-13T00:19:17.8627395Z Removing credentials config '/home/runner/work/_temp/git-credentials-ff1a6dd1-3eb0-42a7-a67d-a8c654c4214c.config'
2026-09-13T00:19:17.8644718Z ##[endgroup]
2026-09-13T00:19:17.8984485Z ##[group]Run actions/checkout@d23441a48e516b6c34aea4fa41551a30e30af803
2026-09-13T00:19:17.8985889Z with:
2026-09-13T00:19:17.8986664Z   repository: fahlman/Primes
2026-09-13T00:19:17.8987573Z   ref: 099e35afa8a2f01d79ef11f805d760e81d1d983a
2026-09-13T00:19:17.8988607Z   path: solution
2026-09-13T00:19:17.8989425Z   persist-credentials: false
2026-09-13T00:19:17.8995657Z   token: ***
2026-09-13T00:19:17.8996451Z   ssh-strict: true
2026-09-13T00:19:17.8997191Z   ssh-user: git
2026-09-13T00:19:17.8998036Z   clean: true
2026-09-13T00:19:17.8998824Z   sparse-checkout-cone-mode: true
2026-09-13T00:19:17.8999981Z   fetch-depth: 1
2026-09-13T00:19:17.9000785Z   fetch-tags: false
2026-09-13T00:19:17.9001548Z   show-progress: true
2026-09-13T00:19:17.9002412Z   lfs: false
2026-09-13T00:19:17.9003119Z   submodules: false
2026-09-13T00:19:17.9003872Z   set-safe-directory: true
2026-09-13T00:19:17.9004790Z   allow-unsafe-pr-checkout: false
2026-09-13T00:19:17.9005657Z env:
2026-09-13T00:19:17.9006736Z   SOLUTION_REVISION: 099e35afa8a2f01d79ef11f805d760e81d1d983a
2026-09-13T00:19:17.9007808Z ##[endgroup]
2026-09-13T00:19:17.9742728Z Syncing repository: fahlman/Primes
2026-09-13T00:19:17.9746123Z ##[group]Getting Git version info
2026-09-13T00:19:17.9753947Z Working directory is '/home/runner/work/Primes/Primes/solution'
2026-09-13T00:19:17.9783202Z [command]/usr/bin/git version
2026-09-13T00:19:17.9818447Z git version 2.55.0
2026-09-13T00:19:17.9846836Z ##[endgroup]
2026-09-13T00:19:17.9856862Z Temporarily overriding HOME='/home/runner/work/_temp/9e63991b-df35-4ef0-89af-0d194b57cd3f' before making global git config changes
2026-09-13T00:19:17.9859010Z Adding repository directory to the temporary git global config as a safe directory
2026-09-13T00:19:17.9861735Z [command]/usr/bin/git config --global --add safe.directory /home/runner/work/Primes/Primes/solution
2026-09-13T00:19:17.9896537Z ##[group]Determining repository object format
2026-09-13T00:19:17.9898538Z ##[endgroup]
2026-09-13T00:19:17.9900277Z ##[group]Initializing the repository
2026-09-13T00:19:17.9903479Z [command]/usr/bin/git init /home/runner/work/Primes/Primes/solution
2026-09-13T00:19:17.9942090Z hint: Using 'master' as the name for the initial branch. This default branch name
2026-09-13T00:19:17.9943987Z hint: will change to "main" in Git 3.0. To configure the initial branch name
2026-09-13T00:19:17.9945808Z hint: to use in all of your new repositories, which will suppress this warning,
2026-09-13T00:19:17.9947205Z hint: call:
2026-09-13T00:19:17.9948676Z hint:
2026-09-13T00:19:17.9950252Z hint: 	git config --global init.defaultBranch <name>
2026-09-13T00:19:17.9951632Z hint:
2026-09-13T00:19:17.9952957Z hint: Names commonly chosen instead of 'master' are 'main', 'trunk' and
2026-09-13T00:19:17.9954722Z hint: 'development'. The just-created branch can be renamed via this command:
2026-09-13T00:19:17.9956778Z hint:
2026-09-13T00:19:17.9958029Z hint: 	git branch -m <name>
2026-09-13T00:19:17.9959083Z hint:
2026-09-13T00:19:17.9960552Z hint: Disable this message with "git config set advice.defaultBranchName false"
2026-09-13T00:19:17.9963006Z Initialized empty Git repository in /home/runner/work/Primes/Primes/solution/.git/
2026-09-13T00:19:17.9966961Z [command]/usr/bin/git remote add origin https://github.com/fahlman/Primes
2026-09-13T00:19:17.9985425Z ##[endgroup]
2026-09-13T00:19:17.9986768Z ##[group]Disabling automatic garbage collection
2026-09-13T00:19:17.9990112Z [command]/usr/bin/git config --local gc.auto 0
2026-09-13T00:19:18.0019707Z ##[endgroup]
2026-09-13T00:19:18.0021247Z ##[group]Setting up auth
2026-09-13T00:19:18.0022323Z Removing SSH command configuration
2026-09-13T00:19:18.0026378Z [command]/usr/bin/git config --local --name-only --get-regexp core\.sshCommand
2026-09-13T00:19:18.0057245Z [command]/usr/bin/git submodule foreach --recursive sh -c "git config --local --name-only --get-regexp 'core\.sshCommand' && git config --local --unset-all 'core.sshCommand' || :"
2026-09-13T00:19:18.0249247Z Removing HTTP extra header
2026-09-13T00:19:18.0253952Z [command]/usr/bin/git config --local --name-only --get-regexp http\.https\:\/\/github\.com\/\.extraheader
2026-09-13T00:19:18.0298031Z [command]/usr/bin/git submodule foreach --recursive sh -c "git config --local --name-only --get-regexp 'http\.https\:\/\/github\.com\/\.extraheader' && git config --local --unset-all 'http.https://github.com/.extraheader' || :"
2026-09-13T00:19:18.0484210Z Removing includeIf entries pointing to credentials config files
2026-09-13T00:19:18.0487917Z [command]/usr/bin/git config --local --name-only --get-regexp ^includeIf\.gitdir:
2026-09-13T00:19:18.0522464Z [command]/usr/bin/git submodule foreach --recursive git config --local --show-origin --name-only --get-regexp remote.origin.url
2026-09-13T00:19:18.0733675Z [command]/usr/bin/git config --file /home/runner/work/_temp/git-credentials-edc9d37a-21ad-4d9d-9bec-cd476352348a.config http.https://github.com/.extraheader AUTHORIZATION: basic ***
2026-09-13T00:19:18.0774319Z [command]/usr/bin/git config --local includeIf.gitdir:/home/runner/work/Primes/Primes/solution/.git.path /home/runner/work/_temp/git-credentials-edc9d37a-21ad-4d9d-9bec-cd476352348a.config
2026-09-13T00:19:18.0805043Z [command]/usr/bin/git config --local includeIf.gitdir:/home/runner/work/Primes/Primes/solution/.git/worktrees/*.path /home/runner/work/_temp/git-credentials-edc9d37a-21ad-4d9d-9bec-cd476352348a.config
2026-09-13T00:19:18.0837726Z [command]/usr/bin/git config --local includeIf.gitdir:/github/workspace/solution/.git.path /github/runner_temp/git-credentials-edc9d37a-21ad-4d9d-9bec-cd476352348a.config
2026-09-13T00:19:18.0868821Z [command]/usr/bin/git config --local includeIf.gitdir:/github/workspace/solution/.git/worktrees/*.path /github/runner_temp/git-credentials-edc9d37a-21ad-4d9d-9bec-cd476352348a.config
2026-09-13T00:19:18.0896183Z ##[endgroup]
2026-09-13T00:19:18.0897650Z ##[group]Fetching the repository
2026-09-13T00:19:18.0904928Z [command]/usr/bin/git -c protocol.version=2 fetch --no-tags --prune --no-recurse-submodules --depth=1 origin 099e35afa8a2f01d79ef11f805d760e81d1d983a
2026-09-13T00:19:18.5228065Z From https://github.com/fahlman/Primes
2026-09-13T00:19:18.5229265Z  * branch            099e35afa8a2f01d79ef11f805d760e81d1d983a -> FETCH_HEAD
2026-09-13T00:19:18.5245219Z [command]/usr/bin/git rev-parse --verify --quiet 099e35afa8a2f01d79ef11f805d760e81d1d983a^{object}
2026-09-13T00:19:18.5261218Z 099e35afa8a2f01d79ef11f805d760e81d1d983a
2026-09-13T00:19:18.5265282Z ##[endgroup]
2026-09-13T00:19:18.5271430Z ##[group]Determining the checkout info
2026-09-13T00:19:18.5272112Z ##[endgroup]
2026-09-13T00:19:18.5272798Z [command]/usr/bin/git sparse-checkout disable
2026-09-13T00:19:18.5308425Z [command]/usr/bin/git config --local --unset-all extensions.worktreeConfig
2026-09-13T00:19:18.5336717Z ##[group]Checking out the ref
2026-09-13T00:19:18.5340106Z [command]/usr/bin/git checkout --progress --force 099e35afa8a2f01d79ef11f805d760e81d1d983a
2026-09-13T00:19:18.5905372Z Note: switching to '099e35afa8a2f01d79ef11f805d760e81d1d983a'.
2026-09-13T00:19:18.5906157Z 
2026-09-13T00:19:18.5906422Z You are in 'detached HEAD' state. You can look around, make experimental
2026-09-13T00:19:18.5907070Z changes and commit them, and you can discard any commits you make in this
2026-09-13T00:19:18.5907711Z state without impacting any branches by switching back to a branch.
2026-09-13T00:19:18.5908026Z 
2026-09-13T00:19:18.5908254Z If you want to create a new branch to retain commits you create, you may
2026-09-13T00:19:18.5908969Z do so (now or later) by using -c with the switch command. Example:
2026-09-13T00:19:18.5909362Z 
2026-09-13T00:19:18.5909524Z   git switch -c <new-branch-name>
2026-09-13T00:19:18.5910061Z 
2026-09-13T00:19:18.5910724Z Or undo this operation with:
2026-09-13T00:19:18.5911013Z 
2026-09-13T00:19:18.5911235Z   git switch -
2026-09-13T00:19:18.5911409Z 
2026-09-13T00:19:18.5911675Z Turn off this advice by setting config variable advice.detachedHead to false
2026-09-13T00:19:18.5912012Z 
2026-09-13T00:19:18.5912688Z HEAD is now at 099e35a Stop the Swift 128-bit handlers at 111: cutoff sweep, variant 3
2026-09-13T00:19:18.5914155Z ##[endgroup]
2026-09-13T00:19:18.5948986Z [command]/usr/bin/git log -1 --format=%H
2026-09-13T00:19:18.5974176Z 099e35afa8a2f01d79ef11f805d760e81d1d983a
2026-09-13T00:19:18.5983179Z ##[group]Removing auth
2026-09-13T00:19:18.5983567Z Removing SSH command configuration
2026-09-13T00:19:18.5987337Z [command]/usr/bin/git config --local --name-only --get-regexp core\.sshCommand
2026-09-13T00:19:18.6017306Z [command]/usr/bin/git submodule foreach --recursive sh -c "git config --local --name-only --get-regexp 'core\.sshCommand' && git config --local --unset-all 'core.sshCommand' || :"
2026-09-13T00:19:18.6227444Z Removing HTTP extra header
2026-09-13T00:19:18.6228201Z [command]/usr/bin/git config --local --name-only --get-regexp http\.https\:\/\/github\.com\/\.extraheader
2026-09-13T00:19:18.6255905Z [command]/usr/bin/git submodule foreach --recursive sh -c "git config --local --name-only --get-regexp 'http\.https\:\/\/github\.com\/\.extraheader' && git config --local --unset-all 'http.https://github.com/.extraheader' || :"
2026-09-13T00:19:18.6458529Z Removing includeIf entries pointing to credentials config files
2026-09-13T00:19:18.6459174Z [command]/usr/bin/git config --local --name-only --get-regexp ^includeIf\.gitdir:
2026-09-13T00:19:18.6491315Z includeif.gitdir:/home/runner/work/Primes/Primes/solution/.git.path
2026-09-13T00:19:18.6496358Z includeif.gitdir:/home/runner/work/Primes/Primes/solution/.git/worktrees/*.path
2026-09-13T00:19:18.6496986Z includeif.gitdir:/github/workspace/solution/.git.path
2026-09-13T00:19:18.6497635Z includeif.gitdir:/github/workspace/solution/.git/worktrees/*.path
2026-09-13T00:19:18.6499590Z [command]/usr/bin/git config --local --get-all includeif.gitdir:/home/runner/work/Primes/Primes/solution/.git.path
2026-09-13T00:19:18.6522387Z /home/runner/work/_temp/git-credentials-edc9d37a-21ad-4d9d-9bec-cd476352348a.config
2026-09-13T00:19:18.6531932Z [command]/usr/bin/git config --local --unset includeif.gitdir:/home/runner/work/Primes/Primes/solution/.git.path /home/runner/work/_temp/git-credentials-edc9d37a-21ad-4d9d-9bec-cd476352348a.config
2026-09-13T00:19:18.6564955Z [command]/usr/bin/git config --local --get-all includeif.gitdir:/home/runner/work/Primes/Primes/solution/.git/worktrees/*.path
2026-09-13T00:19:18.6587809Z /home/runner/work/_temp/git-credentials-edc9d37a-21ad-4d9d-9bec-cd476352348a.config
2026-09-13T00:19:18.6596983Z [command]/usr/bin/git config --local --unset includeif.gitdir:/home/runner/work/Primes/Primes/solution/.git/worktrees/*.path /home/runner/work/_temp/git-credentials-edc9d37a-21ad-4d9d-9bec-cd476352348a.config
2026-09-13T00:19:18.6630760Z [command]/usr/bin/git config --local --get-all includeif.gitdir:/github/workspace/solution/.git.path
2026-09-13T00:19:18.6654163Z /github/runner_temp/git-credentials-edc9d37a-21ad-4d9d-9bec-cd476352348a.config
2026-09-13T00:19:18.6666616Z [command]/usr/bin/git config --local --unset includeif.gitdir:/github/workspace/solution/.git.path /github/runner_temp/git-credentials-edc9d37a-21ad-4d9d-9bec-cd476352348a.config
2026-09-13T00:19:18.6704569Z [command]/usr/bin/git config --local --get-all includeif.gitdir:/github/workspace/solution/.git/worktrees/*.path
2026-09-13T00:19:18.6731462Z /github/runner_temp/git-credentials-edc9d37a-21ad-4d9d-9bec-cd476352348a.config
2026-09-13T00:19:18.6737882Z [command]/usr/bin/git config --local --unset includeif.gitdir:/github/workspace/solution/.git/worktrees/*.path /github/runner_temp/git-credentials-edc9d37a-21ad-4d9d-9bec-cd476352348a.config
2026-09-13T00:19:18.6780127Z [command]/usr/bin/git submodule foreach --recursive git config --local --show-origin --name-only --get-regexp remote.origin.url
2026-09-13T00:19:18.6966786Z Removing credentials config '/home/runner/work/_temp/git-credentials-edc9d37a-21ad-4d9d-9bec-cd476352348a.config'
2026-09-13T00:19:18.6975591Z ##[endgroup]
2026-09-13T00:19:18.7102268Z ##[group]Run python3 workflow/experiments/swift/tools/linux-docker/test_lifecycle.py \
2026-09-13T00:19:18.7103272Z [36;1mpython3 workflow/experiments/swift/tools/linux-docker/test_lifecycle.py \[0m
2026-09-13T00:19:18.7103995Z [36;1m  --docker-probe --output "$RUNNER_TEMP/swift-linux-docker-lifecycle"[0m
2026-09-13T00:19:18.7207667Z shell: /usr/bin/bash -e {0}
2026-09-13T00:19:18.7208052Z env:
2026-09-13T00:19:18.7208547Z   SOLUTION_REVISION: 099e35afa8a2f01d79ef11f805d760e81d1d983a
2026-09-13T00:19:18.7208942Z ##[endgroup]
2026-09-13T00:19:18.9156922Z RUN client: ["docker"]
2026-09-13T00:19:18.9165359Z RUN client: ["docker"]
2026-09-13T00:19:18.9176396Z RUN client: ["docker"]
2026-09-13T00:19:18.9223240Z RUN probe-pull: ["docker", "pull", "busybox:1.37.0"]
2026-09-13T00:19:19.5886629Z RUN probe-image: ["docker", "image", "inspect", "busybox:1.37.0"]
2026-09-13T00:19:19.6054420Z RUN create-probe-normal: ["docker", "container", "create", "--name", "swift-validation-d81a4db7e4504c968a7720c47a66770b-0", "--label", "org.fahlman.primes.validation-owner=d81a4db7e4504c968a7720c47a66770b", "--network", "none", "busybox:1.37.0", "sh", "-c", "exit 0"]
2026-09-13T00:19:21.5749301Z RUN inspect-owned-swift-validation-d81a4db7e4504c968a7720c47a66770b-0: ["docker", "container", "inspect", "b4779540b9b20a350e9f278a96d21a644b61d598f6dac8fd97dc34d56dbb2b42"]
2026-09-13T00:19:21.5919753Z RUN probe-normal: ["docker", "container", "start", "--attach", "b4779540b9b20a350e9f278a96d21a644b61d598f6dac8fd97dc34d56dbb2b42"]
2026-09-13T00:19:21.7572719Z RUN inspect-owned-swift-validation-d81a4db7e4504c968a7720c47a66770b-0: ["docker", "container", "inspect", "b4779540b9b20a350e9f278a96d21a644b61d598f6dac8fd97dc34d56dbb2b42"]
2026-09-13T00:19:21.7743559Z RUN find-owned-swift-validation-d81a4db7e4504c968a7720c47a66770b-0: ["docker", "container", "ls", "--all", "--quiet", "--no-trunc", "--filter", "id=b4779540b9b20a350e9f278a96d21a644b61d598f6dac8fd97dc34d56dbb2b42"]
2026-09-13T00:19:21.7912252Z RUN inspect-owned-swift-validation-d81a4db7e4504c968a7720c47a66770b-0: ["docker", "container", "inspect", "b4779540b9b20a350e9f278a96d21a644b61d598f6dac8fd97dc34d56dbb2b42"]
2026-09-13T00:19:21.8083567Z RUN remove-owned-swift-validation-d81a4db7e4504c968a7720c47a66770b-0: ["docker", "container", "rm", "--force", "b4779540b9b20a350e9f278a96d21a644b61d598f6dac8fd97dc34d56dbb2b42"]
2026-09-13T00:19:21.8251132Z RUN find-owned-swift-validation-d81a4db7e4504c968a7720c47a66770b-0: ["docker", "container", "ls", "--all", "--quiet", "--no-trunc", "--filter", "id=b4779540b9b20a350e9f278a96d21a644b61d598f6dac8fd97dc34d56dbb2b42"]
2026-09-13T00:19:21.8425074Z RUN create-probe-nonzero: ["docker", "container", "create", "--name", "swift-validation-d81a4db7e4504c968a7720c47a66770b-1", "--label", "org.fahlman.primes.validation-owner=d81a4db7e4504c968a7720c47a66770b", "--network", "none", "busybox:1.37.0", "sh", "-c", "exit 7"]
2026-09-13T00:19:21.8754173Z RUN inspect-owned-swift-validation-d81a4db7e4504c968a7720c47a66770b-1: ["docker", "container", "inspect", "30b3cb4ffb21f4dcbc22ba343b3b2ec44a5ef98f0a975e8b5cf0fe92e4ea15fc"]
2026-09-13T00:19:21.8925087Z RUN probe-nonzero: ["docker", "container", "start", "--attach", "30b3cb4ffb21f4dcbc22ba343b3b2ec44a5ef98f0a975e8b5cf0fe92e4ea15fc"]
2026-09-13T00:19:22.0077837Z RUN find-owned-swift-validation-d81a4db7e4504c968a7720c47a66770b-1: ["docker", "container", "ls", "--all", "--quiet", "--no-trunc", "--filter", "id=30b3cb4ffb21f4dcbc22ba343b3b2ec44a5ef98f0a975e8b5cf0fe92e4ea15fc"]
2026-09-13T00:19:22.0248183Z RUN inspect-owned-swift-validation-d81a4db7e4504c968a7720c47a66770b-1: ["docker", "container", "inspect", "30b3cb4ffb21f4dcbc22ba343b3b2ec44a5ef98f0a975e8b5cf0fe92e4ea15fc"]
2026-09-13T00:19:22.0422033Z RUN remove-owned-swift-validation-d81a4db7e4504c968a7720c47a66770b-1: ["docker", "container", "rm", "--force", "30b3cb4ffb21f4dcbc22ba343b3b2ec44a5ef98f0a975e8b5cf0fe92e4ea15fc"]
2026-09-13T00:19:22.0591294Z RUN find-owned-swift-validation-d81a4db7e4504c968a7720c47a66770b-1: ["docker", "container", "ls", "--all", "--quiet", "--no-trunc", "--filter", "id=30b3cb4ffb21f4dcbc22ba343b3b2ec44a5ef98f0a975e8b5cf0fe92e4ea15fc"]
2026-09-13T00:19:22.0766619Z RUN create-probe-timeout: ["docker", "container", "create", "--name", "swift-validation-d81a4db7e4504c968a7720c47a66770b-2", "--label", "org.fahlman.primes.validation-owner=d81a4db7e4504c968a7720c47a66770b", "--network", "none", "busybox:1.37.0", "sh", "-c", "echo probe-started-timeout; exec sleep 10"]
2026-09-13T00:19:22.1097931Z RUN inspect-owned-swift-validation-d81a4db7e4504c968a7720c47a66770b-2: ["docker", "container", "inspect", "0049cedb6045dc20f54769e48eecd031dfa8ca2cbabb58723eaa715d964cac16"]
2026-09-13T00:19:22.1272406Z RUN probe-timeout: ["docker", "container", "start", "--attach", "0049cedb6045dc20f54769e48eecd031dfa8ca2cbabb58723eaa715d964cac16"]
2026-09-13T00:19:23.1327067Z RUN find-owned-swift-validation-d81a4db7e4504c968a7720c47a66770b-2: ["docker", "container", "ls", "--all", "--quiet", "--no-trunc", "--filter", "id=0049cedb6045dc20f54769e48eecd031dfa8ca2cbabb58723eaa715d964cac16"]
2026-09-13T00:19:23.1508810Z RUN inspect-owned-swift-validation-d81a4db7e4504c968a7720c47a66770b-2: ["docker", "container", "inspect", "0049cedb6045dc20f54769e48eecd031dfa8ca2cbabb58723eaa715d964cac16"]
2026-09-13T00:19:23.1685413Z RUN remove-owned-swift-validation-d81a4db7e4504c968a7720c47a66770b-2: ["docker", "container", "rm", "--force", "0049cedb6045dc20f54769e48eecd031dfa8ca2cbabb58723eaa715d964cac16"]
2026-09-13T00:19:23.2345692Z RUN find-owned-swift-validation-d81a4db7e4504c968a7720c47a66770b-2: ["docker", "container", "ls", "--all", "--quiet", "--no-trunc", "--filter", "id=0049cedb6045dc20f54769e48eecd031dfa8ca2cbabb58723eaa715d964cac16"]
2026-09-13T00:19:23.2529206Z RUN create-probe-sigterm: ["docker", "container", "create", "--name", "swift-validation-d81a4db7e4504c968a7720c47a66770b-3", "--label", "org.fahlman.primes.validation-owner=d81a4db7e4504c968a7720c47a66770b", "--network", "none", "busybox:1.37.0", "sh", "-c", "echo probe-started-sigterm; exec sleep 10"]
2026-09-13T00:19:23.2862028Z RUN inspect-owned-swift-validation-d81a4db7e4504c968a7720c47a66770b-3: ["docker", "container", "inspect", "7c8d567d37ac883eb524295a9c0861005fc2ebfca1596d98a565363cbb31ca3e"]
2026-09-13T00:19:23.3042555Z RUN probe-sigterm: ["docker", "container", "start", "--attach", "7c8d567d37ac883eb524295a9c0861005fc2ebfca1596d98a565363cbb31ca3e"]
2026-09-13T00:19:24.3085830Z RUN find-owned-swift-validation-d81a4db7e4504c968a7720c47a66770b-3: ["docker", "container", "ls", "--all", "--quiet", "--no-trunc", "--filter", "id=7c8d567d37ac883eb524295a9c0861005fc2ebfca1596d98a565363cbb31ca3e"]
2026-09-13T00:19:24.3277212Z RUN inspect-owned-swift-validation-d81a4db7e4504c968a7720c47a66770b-3: ["docker", "container", "inspect", "7c8d567d37ac883eb524295a9c0861005fc2ebfca1596d98a565363cbb31ca3e"]
2026-09-13T00:19:24.3455583Z RUN remove-owned-swift-validation-d81a4db7e4504c968a7720c47a66770b-3: ["docker", "container", "rm", "--force", "7c8d567d37ac883eb524295a9c0861005fc2ebfca1596d98a565363cbb31ca3e"]
2026-09-13T00:19:24.4112308Z RUN find-owned-swift-validation-d81a4db7e4504c968a7720c47a66770b-3: ["docker", "container", "ls", "--all", "--quiet", "--no-trunc", "--filter", "id=7c8d567d37ac883eb524295a9c0861005fc2ebfca1596d98a565363cbb31ca3e"]
2026-09-13T00:19:24.4510049Z ##[group]Run python3 workflow/experiments/swift/tools/linux-docker/validate.py \
2026-09-13T00:19:24.4510778Z [36;1mpython3 workflow/experiments/swift/tools/linux-docker/validate.py \[0m
2026-09-13T00:19:24.4511334Z [36;1m  --solution-root "$GITHUB_WORKSPACE/solution" \[0m
2026-09-13T00:19:24.4511739Z [36;1m  --solution-revision "$SOLUTION_REVISION" \[0m
2026-09-13T00:19:24.4512114Z [36;1m  --workflow-root "$GITHUB_WORKSPACE/workflow" \[0m
2026-09-13T00:19:24.4512526Z [36;1m  --platform "$VALIDATION_PLATFORM" \[0m
2026-09-13T00:19:24.4512914Z [36;1m  --output "$RUNNER_TEMP/swift-linux-docker-evidence" \[0m
2026-09-13T00:19:24.4513402Z [36;1m  --build-output "$RUNNER_TEMP/swift-linux-docker-checks"[0m
2026-09-13T00:19:24.4559492Z shell: /usr/bin/bash -e {0}
2026-09-13T00:19:24.4560130Z env:
2026-09-13T00:19:24.4560443Z   SOLUTION_REVISION: 099e35afa8a2f01d79ef11f805d760e81d1d983a
2026-09-13T00:19:24.4560868Z   VALIDATION_PLATFORM: linux/arm64
2026-09-13T00:19:24.4561289Z ##[endgroup]
2026-09-13T00:19:24.4961135Z RUN solution-head: ["git", "-C", "/home/runner/work/Primes/Primes/solution", "rev-parse", "HEAD"]
2026-09-13T00:19:24.4982054Z RUN solution-clean: ["git", "-C", "/home/runner/work/Primes/Primes/solution", "status", "--porcelain"]
2026-09-13T00:19:24.5628782Z RUN workflow-head: ["git", "-C", "/home/runner/work/Primes/Primes/workflow", "rev-parse", "HEAD"]
2026-09-13T00:19:24.5655280Z RUN host-kernel: ["uname", "-a"]
2026-09-13T00:19:24.5675295Z RUN host-cpu: ["lscpu"]
2026-09-13T00:19:24.5899050Z RUN docker-version: ["docker", "version", "--format", "{{json .}}"]
2026-09-13T00:19:24.6064658Z RUN docker-platform: ["docker", "info", "--format", "{{.OSType}}/{{.Architecture}}"]
2026-09-13T00:19:24.8219893Z RUN pull-base-0: ["docker", "pull", "--platform", "linux/arm64", "swift:6.3.3"]
2026-09-13T00:19:49.5421465Z RUN inspect-base-0: ["docker", "image", "inspect", "swift:6.3.3"]
2026-09-13T00:19:49.5591636Z RUN pull-base-1: ["docker", "pull", "--platform", "linux/arm64", "swift:6.3.3-slim"]
2026-09-13T00:19:51.7790078Z RUN inspect-base-1: ["docker", "image", "inspect", "swift:6.3.3-slim"]
2026-09-13T00:19:51.7961091Z RUN build-compiler-stage: ["docker", "build", "--progress=plain", "--pull=false", "--platform", "linux/arm64", "--file", "/home/runner/work/Primes/Primes/solution/experiments/swift/Dockerfile", "--target", "build", "--tag", "swift-validation-build:099e35afa8a2-arm64", "--iidfile", "/home/runner/work/_temp/swift-linux-docker-evidence/build-image.id", "/home/runner/work/Primes/Primes/solution/experiments/swift"]
2026-09-13T00:21:53.0778564Z RUN build-runtime-image: ["docker", "build", "--progress=plain", "--pull=false", "--platform", "linux/arm64", "--file", "/home/runner/work/Primes/Primes/solution/experiments/swift/Dockerfile", "--tag", "swift-validation-runtime:099e35afa8a2-arm64", "--iidfile", "/home/runner/work/_temp/swift-linux-docker-evidence/runtime-image.id", "/home/runner/work/Primes/Primes/solution/experiments/swift"]
2026-09-13T00:21:54.0459439Z RUN inspect-build-image: ["docker", "image", "inspect", "swift-validation-build:099e35afa8a2-arm64"]
2026-09-13T00:21:54.0629907Z RUN inspect-runtime-image: ["docker", "image", "inspect", "swift-validation-runtime:099e35afa8a2-arm64"]
2026-09-13T00:21:54.0806261Z RUN create-container-swift-version: ["docker", "container", "create", "--name", "swift-validation-a52d0e373f204f7f9d180ba4b929168c-0", "--label", "org.fahlman.primes.validation-owner=a52d0e373f204f7f9d180ba4b929168c", "--platform", "linux/arm64", "--network", "none", "--entrypoint", "swiftc", "swift-validation-build:099e35afa8a2-arm64", "--version"]
2026-09-13T00:21:54.1140224Z RUN inspect-owned-swift-validation-a52d0e373f204f7f9d180ba4b929168c-0: ["docker", "container", "inspect", "997c3aa608f0a04af9623925b0ed67006e28b1453b49f3165ada02407212c8ea"]
2026-09-13T00:21:54.1315099Z RUN container-swift-version: ["docker", "container", "start", "--attach", "997c3aa608f0a04af9623925b0ed67006e28b1453b49f3165ada02407212c8ea"]
2026-09-13T00:21:54.2972036Z RUN inspect-owned-swift-validation-a52d0e373f204f7f9d180ba4b929168c-0: ["docker", "container", "inspect", "997c3aa608f0a04af9623925b0ed67006e28b1453b49f3165ada02407212c8ea"]
2026-09-13T00:21:54.3147954Z RUN find-owned-swift-validation-a52d0e373f204f7f9d180ba4b929168c-0: ["docker", "container", "ls", "--all", "--quiet", "--no-trunc", "--filter", "id=997c3aa608f0a04af9623925b0ed67006e28b1453b49f3165ada02407212c8ea"]
2026-09-13T00:21:54.3319406Z RUN inspect-owned-swift-validation-a52d0e373f204f7f9d180ba4b929168c-0: ["docker", "container", "inspect", "997c3aa608f0a04af9623925b0ed67006e28b1453b49f3165ada02407212c8ea"]
2026-09-13T00:21:54.3494058Z RUN remove-owned-swift-validation-a52d0e373f204f7f9d180ba4b929168c-0: ["docker", "container", "rm", "--force", "997c3aa608f0a04af9623925b0ed67006e28b1453b49f3165ada02407212c8ea"]
2026-09-13T00:21:54.3666160Z RUN find-owned-swift-validation-a52d0e373f204f7f9d180ba4b929168c-0: ["docker", "container", "ls", "--all", "--quiet", "--no-trunc", "--filter", "id=997c3aa608f0a04af9623925b0ed67006e28b1453b49f3165ada02407212c8ea"]
2026-09-13T00:21:54.3846404Z RUN create-runtime-smoke: ["docker", "container", "create", "--name", "swift-validation-a52d0e373f204f7f9d180ba4b929168c-1", "--label", "org.fahlman.primes.validation-owner=a52d0e373f204f7f9d180ba4b929168c", "--platform", "linux/arm64", "--network", "none", "swift-validation-runtime:099e35afa8a2-arm64"]
2026-09-13T00:21:54.4180821Z RUN inspect-owned-swift-validation-a52d0e373f204f7f9d180ba4b929168c-1: ["docker", "container", "inspect", "29e63c67d1f04c30ef6c1cbdbc4dad47e45734150243b3d3a58943376bef20d1"]
2026-09-13T00:21:54.4358083Z RUN runtime-smoke: ["docker", "container", "start", "--attach", "29e63c67d1f04c30ef6c1cbdbc4dad47e45734150243b3d3a58943376bef20d1"]
2026-09-13T00:21:59.5648544Z RUN inspect-owned-swift-validation-a52d0e373f204f7f9d180ba4b929168c-1: ["docker", "container", "inspect", "29e63c67d1f04c30ef6c1cbdbc4dad47e45734150243b3d3a58943376bef20d1"]
2026-09-13T00:21:59.5834032Z RUN find-owned-swift-validation-a52d0e373f204f7f9d180ba4b929168c-1: ["docker", "container", "ls", "--all", "--quiet", "--no-trunc", "--filter", "id=29e63c67d1f04c30ef6c1cbdbc4dad47e45734150243b3d3a58943376bef20d1"]
2026-09-13T00:21:59.6007418Z RUN inspect-owned-swift-validation-a52d0e373f204f7f9d180ba4b929168c-1: ["docker", "container", "inspect", "29e63c67d1f04c30ef6c1cbdbc4dad47e45734150243b3d3a58943376bef20d1"]
2026-09-13T00:21:59.6187534Z RUN remove-owned-swift-validation-a52d0e373f204f7f9d180ba4b929168c-1: ["docker", "container", "rm", "--force", "29e63c67d1f04c30ef6c1cbdbc4dad47e45734150243b3d3a58943376bef20d1"]
2026-09-13T00:21:59.6363122Z RUN find-owned-swift-validation-a52d0e373f204f7f9d180ba4b929168c-1: ["docker", "container", "ls", "--all", "--quiet", "--no-trunc", "--filter", "id=29e63c67d1f04c30ef6c1cbdbc4dad47e45734150243b3d3a58943376bef20d1"]
2026-09-13T00:21:59.6554603Z RUN create-compile-verify-asan: ["docker", "container", "create", "--name", "swift-validation-a52d0e373f204f7f9d180ba4b929168c-2", "--label", "org.fahlman.primes.validation-owner=a52d0e373f204f7f9d180ba4b929168c", "--platform", "linux/arm64", "--network", "none", "--mount", "type=bind,source=/home/runner/work/Primes/Primes/solution/experiments/swift,target=/source,readonly", "--mount", "type=bind,source=/home/runner/work/_temp/swift-linux-docker-checks,target=/validation", "--workdir", "/validation", "--entrypoint", "swiftc", "swift-validation-build:099e35afa8a2-arm64", "-O", "-sanitize=address", "/source/PrimeSieve.swift", "/source/Verify.swift", "-o", "/validation/verify-asan"]
2026-09-13T00:21:59.6889332Z RUN inspect-owned-swift-validation-a52d0e373f204f7f9d180ba4b929168c-2: ["docker", "container", "inspect", "970ec608e73a08f75dc35e90103b7e413776fbb5c2039493abacdbac733953ab"]
2026-09-13T00:21:59.7072287Z RUN compile-verify-asan: ["docker", "container", "start", "--attach", "970ec608e73a08f75dc35e90103b7e413776fbb5c2039493abacdbac733953ab"]
2026-09-13T00:23:52.7710712Z RUN inspect-owned-swift-validation-a52d0e373f204f7f9d180ba4b929168c-2: ["docker", "container", "inspect", "970ec608e73a08f75dc35e90103b7e413776fbb5c2039493abacdbac733953ab"]
2026-09-13T00:23:52.7891744Z RUN find-owned-swift-validation-a52d0e373f204f7f9d180ba4b929168c-2: ["docker", "container", "ls", "--all", "--quiet", "--no-trunc", "--filter", "id=970ec608e73a08f75dc35e90103b7e413776fbb5c2039493abacdbac733953ab"]
2026-09-13T00:23:52.8065726Z RUN inspect-owned-swift-validation-a52d0e373f204f7f9d180ba4b929168c-2: ["docker", "container", "inspect", "970ec608e73a08f75dc35e90103b7e413776fbb5c2039493abacdbac733953ab"]
2026-09-13T00:23:52.8246211Z RUN remove-owned-swift-validation-a52d0e373f204f7f9d180ba4b929168c-2: ["docker", "container", "rm", "--force", "970ec608e73a08f75dc35e90103b7e413776fbb5c2039493abacdbac733953ab"]
2026-09-13T00:23:52.8420646Z RUN find-owned-swift-validation-a52d0e373f204f7f9d180ba4b929168c-2: ["docker", "container", "ls", "--all", "--quiet", "--no-trunc", "--filter", "id=970ec608e73a08f75dc35e90103b7e413776fbb5c2039493abacdbac733953ab"]
2026-09-13T00:23:52.8608707Z RUN create-run-verify-asan: ["docker", "container", "create", "--name", "swift-validation-a52d0e373f204f7f9d180ba4b929168c-3", "--label", "org.fahlman.primes.validation-owner=a52d0e373f204f7f9d180ba4b929168c", "--platform", "linux/arm64", "--network", "none", "--mount", "type=bind,source=/home/runner/work/Primes/Primes/solution/experiments/swift,target=/source,readonly", "--mount", "type=bind,source=/home/runner/work/_temp/swift-linux-docker-checks,target=/validation", "--workdir", "/validation", "--entrypoint", "/validation/verify-asan", "swift-validation-build:099e35afa8a2-arm64"]
2026-09-13T00:23:52.8952438Z RUN inspect-owned-swift-validation-a52d0e373f204f7f9d180ba4b929168c-3: ["docker", "container", "inspect", "48497003dbd13bb8c32a35aabae454db0c93553f80c13425e051e2f623dc1815"]
2026-09-13T00:23:52.9142474Z RUN run-verify-asan: ["docker", "container", "start", "--attach", "48497003dbd13bb8c32a35aabae454db0c93553f80c13425e051e2f623dc1815"]
2026-09-13T00:23:53.2307222Z RUN inspect-owned-swift-validation-a52d0e373f204f7f9d180ba4b929168c-3: ["docker", "container", "inspect", "48497003dbd13bb8c32a35aabae454db0c93553f80c13425e051e2f623dc1815"]
2026-09-13T00:23:53.2492019Z RUN find-owned-swift-validation-a52d0e373f204f7f9d180ba4b929168c-3: ["docker", "container", "ls", "--all", "--quiet", "--no-trunc", "--filter", "id=48497003dbd13bb8c32a35aabae454db0c93553f80c13425e051e2f623dc1815"]
2026-09-13T00:23:53.2668701Z RUN inspect-owned-swift-validation-a52d0e373f204f7f9d180ba4b929168c-3: ["docker", "container", "inspect", "48497003dbd13bb8c32a35aabae454db0c93553f80c13425e051e2f623dc1815"]
2026-09-13T00:23:53.2853384Z RUN remove-owned-swift-validation-a52d0e373f204f7f9d180ba4b929168c-3: ["docker", "container", "rm", "--force", "48497003dbd13bb8c32a35aabae454db0c93553f80c13425e051e2f623dc1815"]
2026-09-13T00:23:53.3030841Z RUN find-owned-swift-validation-a52d0e373f204f7f9d180ba4b929168c-3: ["docker", "container", "ls", "--all", "--quiet", "--no-trunc", "--filter", "id=48497003dbd13bb8c32a35aabae454db0c93553f80c13425e051e2f623dc1815"]
2026-09-13T00:23:53.3232824Z RUN create-compile-extra-verify-asan: ["docker", "container", "create", "--name", "swift-validation-a52d0e373f204f7f9d180ba4b929168c-4", "--label", "org.fahlman.primes.validation-owner=a52d0e373f204f7f9d180ba4b929168c", "--platform", "linux/arm64", "--network", "none", "--mount", "type=bind,source=/home/runner/work/Primes/Primes/solution/experiments/swift,target=/source,readonly", "--mount", "type=bind,source=/home/runner/work/_temp/swift-linux-docker-checks,target=/validation", "--workdir", "/validation", "--entrypoint", "swiftc", "swift-validation-build:099e35afa8a2-arm64", "-O", "-sanitize=address", "/source/PrimeSieve.swift", "/source/ExtraVerify.swift", "-o", "/validation/extra-verify-asan"]
2026-09-13T00:23:53.3575473Z RUN inspect-owned-swift-validation-a52d0e373f204f7f9d180ba4b929168c-4: ["docker", "container", "inspect", "adbdbd03aafc33ac22bca4229f7d7c7bec9f9fcc9b099a8cf57f059b2f70824d"]
2026-09-13T00:23:53.3761562Z RUN compile-extra-verify-asan: ["docker", "container", "start", "--attach", "adbdbd03aafc33ac22bca4229f7d7c7bec9f9fcc9b099a8cf57f059b2f70824d"]
2026-09-13T00:25:47.1430203Z RUN inspect-owned-swift-validation-a52d0e373f204f7f9d180ba4b929168c-4: ["docker", "container", "inspect", "adbdbd03aafc33ac22bca4229f7d7c7bec9f9fcc9b099a8cf57f059b2f70824d"]
2026-09-13T00:25:47.1617031Z RUN find-owned-swift-validation-a52d0e373f204f7f9d180ba4b929168c-4: ["docker", "container", "ls", "--all", "--quiet", "--no-trunc", "--filter", "id=adbdbd03aafc33ac22bca4229f7d7c7bec9f9fcc9b099a8cf57f059b2f70824d"]
2026-09-13T00:25:47.1793307Z RUN inspect-owned-swift-validation-a52d0e373f204f7f9d180ba4b929168c-4: ["docker", "container", "inspect", "adbdbd03aafc33ac22bca4229f7d7c7bec9f9fcc9b099a8cf57f059b2f70824d"]
2026-09-13T00:25:47.1981194Z RUN remove-owned-swift-validation-a52d0e373f204f7f9d180ba4b929168c-4: ["docker", "container", "rm", "--force", "adbdbd03aafc33ac22bca4229f7d7c7bec9f9fcc9b099a8cf57f059b2f70824d"]
2026-09-13T00:25:47.2157745Z RUN find-owned-swift-validation-a52d0e373f204f7f9d180ba4b929168c-4: ["docker", "container", "ls", "--all", "--quiet", "--no-trunc", "--filter", "id=adbdbd03aafc33ac22bca4229f7d7c7bec9f9fcc9b099a8cf57f059b2f70824d"]
2026-09-13T00:25:47.2349427Z RUN create-run-extra-verify-asan: ["docker", "container", "create", "--name", "swift-validation-a52d0e373f204f7f9d180ba4b929168c-5", "--label", "org.fahlman.primes.validation-owner=a52d0e373f204f7f9d180ba4b929168c", "--platform", "linux/arm64", "--network", "none", "--mount", "type=bind,source=/home/runner/work/Primes/Primes/solution/experiments/swift,target=/source,readonly", "--mount", "type=bind,source=/home/runner/work/_temp/swift-linux-docker-checks,target=/validation", "--workdir", "/validation", "--entrypoint", "/validation/extra-verify-asan", "swift-validation-build:099e35afa8a2-arm64"]
2026-09-13T00:25:47.2690375Z RUN inspect-owned-swift-validation-a52d0e373f204f7f9d180ba4b929168c-5: ["docker", "container", "inspect", "2bbe2c222e99583947c75777debc00e56ff1000dcb3352f72bd2193c0ba1f3a5"]
2026-09-13T00:25:47.2878418Z RUN run-extra-verify-asan: ["docker", "container", "start", "--attach", "2bbe2c222e99583947c75777debc00e56ff1000dcb3352f72bd2193c0ba1f3a5"]
2026-09-13T00:25:53.7678059Z RUN inspect-owned-swift-validation-a52d0e373f204f7f9d180ba4b929168c-5: ["docker", "container", "inspect", "2bbe2c222e99583947c75777debc00e56ff1000dcb3352f72bd2193c0ba1f3a5"]
2026-09-13T00:25:53.7864301Z RUN find-owned-swift-validation-a52d0e373f204f7f9d180ba4b929168c-5: ["docker", "container", "ls", "--all", "--quiet", "--no-trunc", "--filter", "id=2bbe2c222e99583947c75777debc00e56ff1000dcb3352f72bd2193c0ba1f3a5"]
2026-09-13T00:25:53.8041074Z RUN inspect-owned-swift-validation-a52d0e373f204f7f9d180ba4b929168c-5: ["docker", "container", "inspect", "2bbe2c222e99583947c75777debc00e56ff1000dcb3352f72bd2193c0ba1f3a5"]
2026-09-13T00:25:53.8236918Z RUN remove-owned-swift-validation-a52d0e373f204f7f9d180ba4b929168c-5: ["docker", "container", "rm", "--force", "2bbe2c222e99583947c75777debc00e56ff1000dcb3352f72bd2193c0ba1f3a5"]
2026-09-13T00:25:53.8436907Z RUN find-owned-swift-validation-a52d0e373f204f7f9d180ba4b929168c-5: ["docker", "container", "ls", "--all", "--quiet", "--no-trunc", "--filter", "id=2bbe2c222e99583947c75777debc00e56ff1000dcb3352f72bd2193c0ba1f3a5"]
2026-09-13T00:25:53.8644713Z RUN create-compile-phase-verify-asan: ["docker", "container", "create", "--name", "swift-validation-a52d0e373f204f7f9d180ba4b929168c-6", "--label", "org.fahlman.primes.validation-owner=a52d0e373f204f7f9d180ba4b929168c", "--platform", "linux/arm64", "--network", "none", "--mount", "type=bind,source=/home/runner/work/Primes/Primes/solution/experiments/swift,target=/source,readonly", "--mount", "type=bind,source=/home/runner/work/_temp/swift-linux-docker-checks,target=/validation", "--workdir", "/validation", "--entrypoint", "swiftc", "swift-validation-build:099e35afa8a2-arm64", "-O", "-sanitize=address", "/source/PrimeSieve.swift", "/source/tools/phase-split/PhaseSieve.swift", "/source/tools/phase-split/PhaseVerify.swift", "-o", "/validation/phase-verify-asan"]
2026-09-13T00:25:53.8984578Z RUN inspect-owned-swift-validation-a52d0e373f204f7f9d180ba4b929168c-6: ["docker", "container", "inspect", "3f81d7a19ab38596775ed5ddf2204bed4a6cf747b876f78f0f1b6d090a8793a9"]
2026-09-13T00:25:53.9171595Z RUN compile-phase-verify-asan: ["docker", "container", "start", "--attach", "3f81d7a19ab38596775ed5ddf2204bed4a6cf747b876f78f0f1b6d090a8793a9"]
2026-09-13T00:27:58.5018488Z RUN inspect-owned-swift-validation-a52d0e373f204f7f9d180ba4b929168c-6: ["docker", "container", "inspect", "3f81d7a19ab38596775ed5ddf2204bed4a6cf747b876f78f0f1b6d090a8793a9"]
2026-09-13T00:27:58.5210800Z RUN find-owned-swift-validation-a52d0e373f204f7f9d180ba4b929168c-6: ["docker", "container", "ls", "--all", "--quiet", "--no-trunc", "--filter", "id=3f81d7a19ab38596775ed5ddf2204bed4a6cf747b876f78f0f1b6d090a8793a9"]
2026-09-13T00:27:58.5391345Z RUN inspect-owned-swift-validation-a52d0e373f204f7f9d180ba4b929168c-6: ["docker", "container", "inspect", "3f81d7a19ab38596775ed5ddf2204bed4a6cf747b876f78f0f1b6d090a8793a9"]
2026-09-13T00:27:58.5581598Z RUN remove-owned-swift-validation-a52d0e373f204f7f9d180ba4b929168c-6: ["docker", "container", "rm", "--force", "3f81d7a19ab38596775ed5ddf2204bed4a6cf747b876f78f0f1b6d090a8793a9"]
2026-09-13T00:27:58.5768737Z RUN find-owned-swift-validation-a52d0e373f204f7f9d180ba4b929168c-6: ["docker", "container", "ls", "--all", "--quiet", "--no-trunc", "--filter", "id=3f81d7a19ab38596775ed5ddf2204bed4a6cf747b876f78f0f1b6d090a8793a9"]
2026-09-13T00:27:58.5972680Z RUN create-run-phase-verify-asan: ["docker", "container", "create", "--name", "swift-validation-a52d0e373f204f7f9d180ba4b929168c-7", "--label", "org.fahlman.primes.validation-owner=a52d0e373f204f7f9d180ba4b929168c", "--platform", "linux/arm64", "--network", "none", "--mount", "type=bind,source=/home/runner/work/Primes/Primes/solution/experiments/swift,target=/source,readonly", "--mount", "type=bind,source=/home/runner/work/_temp/swift-linux-docker-checks,target=/validation", "--workdir", "/validation", "--entrypoint", "/validation/phase-verify-asan", "swift-validation-build:099e35afa8a2-arm64"]
2026-09-13T00:27:58.6314358Z RUN inspect-owned-swift-validation-a52d0e373f204f7f9d180ba4b929168c-7: ["docker", "container", "inspect", "5e8fb1a9395ae1b0f77e851b92cd007b1db5686b02e258a714f33aeed38678e7"]
2026-09-13T00:27:58.6506445Z RUN run-phase-verify-asan: ["docker", "container", "start", "--attach", "5e8fb1a9395ae1b0f77e851b92cd007b1db5686b02e258a714f33aeed38678e7"]
2026-09-13T00:28:01.2233305Z RUN inspect-owned-swift-validation-a52d0e373f204f7f9d180ba4b929168c-7: ["docker", "container", "inspect", "5e8fb1a9395ae1b0f77e851b92cd007b1db5686b02e258a714f33aeed38678e7"]
2026-09-13T00:28:01.2426319Z RUN find-owned-swift-validation-a52d0e373f204f7f9d180ba4b929168c-7: ["docker", "container", "ls", "--all", "--quiet", "--no-trunc", "--filter", "id=5e8fb1a9395ae1b0f77e851b92cd007b1db5686b02e258a714f33aeed38678e7"]
2026-09-13T00:28:01.2608589Z RUN inspect-owned-swift-validation-a52d0e373f204f7f9d180ba4b929168c-7: ["docker", "container", "inspect", "5e8fb1a9395ae1b0f77e851b92cd007b1db5686b02e258a714f33aeed38678e7"]
2026-09-13T00:28:01.2802074Z RUN remove-owned-swift-validation-a52d0e373f204f7f9d180ba4b929168c-7: ["docker", "container", "rm", "--force", "5e8fb1a9395ae1b0f77e851b92cd007b1db5686b02e258a714f33aeed38678e7"]
2026-09-13T00:28:01.2985420Z RUN find-owned-swift-validation-a52d0e373f204f7f9d180ba4b929168c-7: ["docker", "container", "ls", "--all", "--quiet", "--no-trunc", "--filter", "id=5e8fb1a9395ae1b0f77e851b92cd007b1db5686b02e258a714f33aeed38678e7"]
2026-09-13T00:28:01.3201282Z RUN create-compile-verify-wmo: ["docker", "container", "create", "--name", "swift-validation-a52d0e373f204f7f9d180ba4b929168c-8", "--label", "org.fahlman.primes.validation-owner=a52d0e373f204f7f9d180ba4b929168c", "--platform", "linux/arm64", "--network", "none", "--mount", "type=bind,source=/home/runner/work/Primes/Primes/solution/experiments/swift,target=/source,readonly", "--mount", "type=bind,source=/home/runner/work/_temp/swift-linux-docker-checks,target=/validation", "--workdir", "/validation", "--entrypoint", "swiftc", "swift-validation-build:099e35afa8a2-arm64", "-O", "-whole-module-optimization", "/source/PrimeSieve.swift", "/source/Verify.swift", "-o", "/validation/verify-wmo"]
2026-09-13T00:28:01.3544746Z RUN inspect-owned-swift-validation-a52d0e373f204f7f9d180ba4b929168c-8: ["docker", "container", "inspect", "d36e8fb4ca147704dd8e0751275a001819701e91222702627db2cfb577931c23"]
2026-09-13T00:28:01.3739997Z RUN compile-verify-wmo: ["docker", "container", "start", "--attach", "d36e8fb4ca147704dd8e0751275a001819701e91222702627db2cfb577931c23"]
2026-09-13T00:29:53.1403518Z RUN inspect-owned-swift-validation-a52d0e373f204f7f9d180ba4b929168c-8: ["docker", "container", "inspect", "d36e8fb4ca147704dd8e0751275a001819701e91222702627db2cfb577931c23"]
2026-09-13T00:29:53.1600444Z RUN find-owned-swift-validation-a52d0e373f204f7f9d180ba4b929168c-8: ["docker", "container", "ls", "--all", "--quiet", "--no-trunc", "--filter", "id=d36e8fb4ca147704dd8e0751275a001819701e91222702627db2cfb577931c23"]
2026-09-13T00:29:53.1787204Z RUN inspect-owned-swift-validation-a52d0e373f204f7f9d180ba4b929168c-8: ["docker", "container", "inspect", "d36e8fb4ca147704dd8e0751275a001819701e91222702627db2cfb577931c23"]
2026-09-13T00:29:53.1985248Z RUN remove-owned-swift-validation-a52d0e373f204f7f9d180ba4b929168c-8: ["docker", "container", "rm", "--force", "d36e8fb4ca147704dd8e0751275a001819701e91222702627db2cfb577931c23"]
2026-09-13T00:29:53.2171804Z RUN find-owned-swift-validation-a52d0e373f204f7f9d180ba4b929168c-8: ["docker", "container", "ls", "--all", "--quiet", "--no-trunc", "--filter", "id=d36e8fb4ca147704dd8e0751275a001819701e91222702627db2cfb577931c23"]
2026-09-13T00:29:53.2380278Z RUN create-run-verify-wmo: ["docker", "container", "create", "--name", "swift-validation-a52d0e373f204f7f9d180ba4b929168c-9", "--label", "org.fahlman.primes.validation-owner=a52d0e373f204f7f9d180ba4b929168c", "--platform", "linux/arm64", "--network", "none", "--mount", "type=bind,source=/home/runner/work/Primes/Primes/solution/experiments/swift,target=/source,readonly", "--mount", "type=bind,source=/home/runner/work/_temp/swift-linux-docker-checks,target=/validation", "--workdir", "/validation", "--entrypoint", "/validation/verify-wmo", "swift-validation-build:099e35afa8a2-arm64"]
2026-09-13T00:29:53.2727705Z RUN inspect-owned-swift-validation-a52d0e373f204f7f9d180ba4b929168c-9: ["docker", "container", "inspect", "79be25a6086ad4d657ed9186b5f73ef69b94a6073d05c9a1ac59f3efa822de1d"]
2026-09-13T00:29:53.2925441Z RUN run-verify-wmo: ["docker", "container", "start", "--attach", "79be25a6086ad4d657ed9186b5f73ef69b94a6073d05c9a1ac59f3efa822de1d"]
2026-09-13T00:29:53.5104383Z RUN inspect-owned-swift-validation-a52d0e373f204f7f9d180ba4b929168c-9: ["docker", "container", "inspect", "79be25a6086ad4d657ed9186b5f73ef69b94a6073d05c9a1ac59f3efa822de1d"]
2026-09-13T00:29:53.5305001Z RUN find-owned-swift-validation-a52d0e373f204f7f9d180ba4b929168c-9: ["docker", "container", "ls", "--all", "--quiet", "--no-trunc", "--filter", "id=79be25a6086ad4d657ed9186b5f73ef69b94a6073d05c9a1ac59f3efa822de1d"]
2026-09-13T00:29:53.5491081Z RUN inspect-owned-swift-validation-a52d0e373f204f7f9d180ba4b929168c-9: ["docker", "container", "inspect", "79be25a6086ad4d657ed9186b5f73ef69b94a6073d05c9a1ac59f3efa822de1d"]
2026-09-13T00:29:53.5689224Z RUN remove-owned-swift-validation-a52d0e373f204f7f9d180ba4b929168c-9: ["docker", "container", "rm", "--force", "79be25a6086ad4d657ed9186b5f73ef69b94a6073d05c9a1ac59f3efa822de1d"]
2026-09-13T00:29:53.5877113Z RUN find-owned-swift-validation-a52d0e373f204f7f9d180ba4b929168c-9: ["docker", "container", "ls", "--all", "--quiet", "--no-trunc", "--filter", "id=79be25a6086ad4d657ed9186b5f73ef69b94a6073d05c9a1ac59f3efa822de1d"]
2026-09-13T00:29:53.6101139Z RUN create-compile-extra-verify-wmo: ["docker", "container", "create", "--name", "swift-validation-a52d0e373f204f7f9d180ba4b929168c-10", "--label", "org.fahlman.primes.validation-owner=a52d0e373f204f7f9d180ba4b929168c", "--platform", "linux/arm64", "--network", "none", "--mount", "type=bind,source=/home/runner/work/Primes/Primes/solution/experiments/swift,target=/source,readonly", "--mount", "type=bind,source=/home/runner/work/_temp/swift-linux-docker-checks,target=/validation", "--workdir", "/validation", "--entrypoint", "swiftc", "swift-validation-build:099e35afa8a2-arm64", "-O", "-whole-module-optimization", "/source/PrimeSieve.swift", "/source/ExtraVerify.swift", "-o", "/validation/extra-verify-wmo"]
2026-09-13T00:29:53.6447747Z RUN inspect-owned-swift-validation-a52d0e373f204f7f9d180ba4b929168c-10: ["docker", "container", "inspect", "3a4256b38983c057091bcb9e613361fa15ee759cd4ae8dced59a552844144d80"]
2026-09-13T00:29:53.6647893Z RUN compile-extra-verify-wmo: ["docker", "container", "start", "--attach", "3a4256b38983c057091bcb9e613361fa15ee759cd4ae8dced59a552844144d80"]
2026-09-13T00:31:54.8049921Z RUN inspect-owned-swift-validation-a52d0e373f204f7f9d180ba4b929168c-10: ["docker", "container", "inspect", "3a4256b38983c057091bcb9e613361fa15ee759cd4ae8dced59a552844144d80"]
2026-09-13T00:31:54.8250288Z RUN find-owned-swift-validation-a52d0e373f204f7f9d180ba4b929168c-10: ["docker", "container", "ls", "--all", "--quiet", "--no-trunc", "--filter", "id=3a4256b38983c057091bcb9e613361fa15ee759cd4ae8dced59a552844144d80"]
2026-09-13T00:31:54.8438240Z RUN inspect-owned-swift-validation-a52d0e373f204f7f9d180ba4b929168c-10: ["docker", "container", "inspect", "3a4256b38983c057091bcb9e613361fa15ee759cd4ae8dced59a552844144d80"]
2026-09-13T00:31:54.8639752Z RUN remove-owned-swift-validation-a52d0e373f204f7f9d180ba4b929168c-10: ["docker", "container", "rm", "--force", "3a4256b38983c057091bcb9e613361fa15ee759cd4ae8dced59a552844144d80"]
2026-09-13T00:31:54.8828244Z RUN find-owned-swift-validation-a52d0e373f204f7f9d180ba4b929168c-10: ["docker", "container", "ls", "--all", "--quiet", "--no-trunc", "--filter", "id=3a4256b38983c057091bcb9e613361fa15ee759cd4ae8dced59a552844144d80"]
2026-09-13T00:31:54.9042336Z RUN create-run-extra-verify-wmo: ["docker", "container", "create", "--name", "swift-validation-a52d0e373f204f7f9d180ba4b929168c-11", "--label", "org.fahlman.primes.validation-owner=a52d0e373f204f7f9d180ba4b929168c", "--platform", "linux/arm64", "--network", "none", "--mount", "type=bind,source=/home/runner/work/Primes/Primes/solution/experiments/swift,target=/source,readonly", "--mount", "type=bind,source=/home/runner/work/_temp/swift-linux-docker-checks,target=/validation", "--workdir", "/validation", "--entrypoint", "/validation/extra-verify-wmo", "swift-validation-build:099e35afa8a2-arm64"]
2026-09-13T00:31:54.9392852Z RUN inspect-owned-swift-validation-a52d0e373f204f7f9d180ba4b929168c-11: ["docker", "container", "inspect", "6a3cf48b96340609319fe9c441b13f795e1393661c6896fa717daabddb5901a3"]
2026-09-13T00:31:54.9595287Z RUN run-extra-verify-wmo: ["docker", "container", "start", "--attach", "6a3cf48b96340609319fe9c441b13f795e1393661c6896fa717daabddb5901a3"]
2026-09-13T00:31:58.1350216Z RUN inspect-owned-swift-validation-a52d0e373f204f7f9d180ba4b929168c-11: ["docker", "container", "inspect", "6a3cf48b96340609319fe9c441b13f795e1393661c6896fa717daabddb5901a3"]
2026-09-13T00:31:58.1555314Z RUN find-owned-swift-validation-a52d0e373f204f7f9d180ba4b929168c-11: ["docker", "container", "ls", "--all", "--quiet", "--no-trunc", "--filter", "id=6a3cf48b96340609319fe9c441b13f795e1393661c6896fa717daabddb5901a3"]
2026-09-13T00:31:58.1748686Z RUN inspect-owned-swift-validation-a52d0e373f204f7f9d180ba4b929168c-11: ["docker", "container", "inspect", "6a3cf48b96340609319fe9c441b13f795e1393661c6896fa717daabddb5901a3"]
2026-09-13T00:31:58.1953292Z RUN remove-owned-swift-validation-a52d0e373f204f7f9d180ba4b929168c-11: ["docker", "container", "rm", "--force", "6a3cf48b96340609319fe9c441b13f795e1393661c6896fa717daabddb5901a3"]
2026-09-13T00:31:58.2146798Z RUN find-owned-swift-validation-a52d0e373f204f7f9d180ba4b929168c-11: ["docker", "container", "ls", "--all", "--quiet", "--no-trunc", "--filter", "id=6a3cf48b96340609319fe9c441b13f795e1393661c6896fa717daabddb5901a3"]
2026-09-13T00:31:58.2379977Z RUN create-compile-phase-verify-wmo: ["docker", "container", "create", "--name", "swift-validation-a52d0e373f204f7f9d180ba4b929168c-12", "--label", "org.fahlman.primes.validation-owner=a52d0e373f204f7f9d180ba4b929168c", "--platform", "linux/arm64", "--network", "none", "--mount", "type=bind,source=/home/runner/work/Primes/Primes/solution/experiments/swift,target=/source,readonly", "--mount", "type=bind,source=/home/runner/work/_temp/swift-linux-docker-checks,target=/validation", "--workdir", "/validation", "--entrypoint", "swiftc", "swift-validation-build:099e35afa8a2-arm64", "-O", "-whole-module-optimization", "/source/PrimeSieve.swift", "/source/tools/phase-split/PhaseSieve.swift", "/source/tools/phase-split/PhaseVerify.swift", "-o", "/validation/phase-verify-wmo"]
2026-09-13T00:31:58.2735705Z RUN inspect-owned-swift-validation-a52d0e373f204f7f9d180ba4b929168c-12: ["docker", "container", "inspect", "f0f67b8971d324c5dc08f669f0650298eb369c8d47de57e5e361e045497673ab"]
2026-09-13T00:31:58.2943212Z RUN compile-phase-verify-wmo: ["docker", "container", "start", "--attach", "f0f67b8971d324c5dc08f669f0650298eb369c8d47de57e5e361e045497673ab"]
2026-09-13T00:34:10.4931187Z RUN inspect-owned-swift-validation-a52d0e373f204f7f9d180ba4b929168c-12: ["docker", "container", "inspect", "f0f67b8971d324c5dc08f669f0650298eb369c8d47de57e5e361e045497673ab"]
2026-09-13T00:34:10.5137543Z RUN find-owned-swift-validation-a52d0e373f204f7f9d180ba4b929168c-12: ["docker", "container", "ls", "--all", "--quiet", "--no-trunc", "--filter", "id=f0f67b8971d324c5dc08f669f0650298eb369c8d47de57e5e361e045497673ab"]
2026-09-13T00:34:10.5328337Z RUN inspect-owned-swift-validation-a52d0e373f204f7f9d180ba4b929168c-12: ["docker", "container", "inspect", "f0f67b8971d324c5dc08f669f0650298eb369c8d47de57e5e361e045497673ab"]
2026-09-13T00:34:10.5533952Z RUN remove-owned-swift-validation-a52d0e373f204f7f9d180ba4b929168c-12: ["docker", "container", "rm", "--force", "f0f67b8971d324c5dc08f669f0650298eb369c8d47de57e5e361e045497673ab"]
2026-09-13T00:34:10.5725362Z RUN find-owned-swift-validation-a52d0e373f204f7f9d180ba4b929168c-12: ["docker", "container", "ls", "--all", "--quiet", "--no-trunc", "--filter", "id=f0f67b8971d324c5dc08f669f0650298eb369c8d47de57e5e361e045497673ab"]
2026-09-13T00:34:10.5943421Z RUN create-run-phase-verify-wmo: ["docker", "container", "create", "--name", "swift-validation-a52d0e373f204f7f9d180ba4b929168c-13", "--label", "org.fahlman.primes.validation-owner=a52d0e373f204f7f9d180ba4b929168c", "--platform", "linux/arm64", "--network", "none", "--mount", "type=bind,source=/home/runner/work/Primes/Primes/solution/experiments/swift,target=/source,readonly", "--mount", "type=bind,source=/home/runner/work/_temp/swift-linux-docker-checks,target=/validation", "--workdir", "/validation", "--entrypoint", "/validation/phase-verify-wmo", "swift-validation-build:099e35afa8a2-arm64"]
2026-09-13T00:34:10.6295120Z RUN inspect-owned-swift-validation-a52d0e373f204f7f9d180ba4b929168c-13: ["docker", "container", "inspect", "6083440b6faf78b21ba1b8ad036ca8206d971390c794f2f81904aa3c379b3f70"]
2026-09-13T00:34:10.6501814Z RUN run-phase-verify-wmo: ["docker", "container", "start", "--attach", "6083440b6faf78b21ba1b8ad036ca8206d971390c794f2f81904aa3c379b3f70"]
2026-09-13T00:34:11.9208696Z RUN inspect-owned-swift-validation-a52d0e373f204f7f9d180ba4b929168c-13: ["docker", "container", "inspect", "6083440b6faf78b21ba1b8ad036ca8206d971390c794f2f81904aa3c379b3f70"]
2026-09-13T00:34:11.9415929Z RUN find-owned-swift-validation-a52d0e373f204f7f9d180ba4b929168c-13: ["docker", "container", "ls", "--all", "--quiet", "--no-trunc", "--filter", "id=6083440b6faf78b21ba1b8ad036ca8206d971390c794f2f81904aa3c379b3f70"]
2026-09-13T00:34:11.9608825Z RUN inspect-owned-swift-validation-a52d0e373f204f7f9d180ba4b929168c-13: ["docker", "container", "inspect", "6083440b6faf78b21ba1b8ad036ca8206d971390c794f2f81904aa3c379b3f70"]
2026-09-13T00:34:11.9815900Z RUN remove-owned-swift-validation-a52d0e373f204f7f9d180ba4b929168c-13: ["docker", "container", "rm", "--force", "6083440b6faf78b21ba1b8ad036ca8206d971390c794f2f81904aa3c379b3f70"]
2026-09-13T00:34:12.0008206Z RUN find-owned-swift-validation-a52d0e373f204f7f9d180ba4b929168c-13: ["docker", "container", "ls", "--all", "--quiet", "--no-trunc", "--filter", "id=6083440b6faf78b21ba1b8ad036ca8206d971390c794f2f81904aa3c379b3f70"]
2026-09-13T00:34:12.0235254Z Evidence: /home/runner/work/_temp/swift-linux-docker-evidence/validation.json
2026-09-13T00:34:12.0382635Z ##[group]Run actions/upload-artifact@043fb46d1a93c77aae656e7c1c64a875d1fc6a0a
2026-09-13T00:34:12.0383122Z with:
2026-09-13T00:34:12.0383460Z   name: swift-linux-arm64-full-099e35afa8a2f01d79ef11f805d760e81d1d983a
2026-09-13T00:34:12.0384205Z   path: /home/runner/work/_temp/swift-linux-docker-evidence/
/home/runner/work/_temp/swift-linux-docker-lifecycle/

2026-09-13T00:34:12.0384763Z   if-no-files-found: warn
2026-09-13T00:34:12.0385077Z   retention-days: 30
2026-09-13T00:34:12.0385324Z   compression-level: 6
2026-09-13T00:34:12.0385565Z   overwrite: false
2026-09-13T00:34:12.0385836Z   include-hidden-files: false
2026-09-13T00:34:12.0386099Z   archive: true
2026-09-13T00:34:12.0386346Z env:
2026-09-13T00:34:12.0386675Z   SOLUTION_REVISION: 099e35afa8a2f01d79ef11f805d760e81d1d983a
2026-09-13T00:34:12.0387040Z ##[endgroup]
2026-09-13T00:34:12.2052767Z Multiple search paths detected. Calculating the least common ancestor of all paths
2026-09-13T00:34:12.2055527Z The least common ancestor is /home/runner/work/_temp. This will be the root directory of the artifact
2026-09-13T00:34:12.2056210Z With the provided path, there will be 322 files uploaded
2026-09-13T00:34:12.2059644Z Artifact name is valid!
2026-09-13T00:34:12.2060586Z Root directory input is valid!
2026-09-13T00:34:12.3930696Z Uploading artifact: swift-linux-arm64-full-099e35afa8a2f01d79ef11f805d760e81d1d983a.zip
2026-09-13T00:34:12.3965194Z Beginning upload of artifact content to blob storage
2026-09-13T00:34:12.6374248Z Uploaded bytes 242726
2026-09-13T00:34:12.6466564Z Finished uploading artifact content to blob storage!
2026-09-13T00:34:12.6467177Z SHA256 digest of uploaded artifact is 13f0656fff4115ebbe12a7133b5a4bac976e0a6303dc5134eafb79b4d26676e2
2026-09-13T00:34:12.6467904Z Finalizing artifact upload
2026-09-13T00:34:12.8792102Z Artifact swift-linux-arm64-full-099e35afa8a2f01d79ef11f805d760e81d1d983a successfully finalized. Artifact ID 10308147054
2026-09-13T00:34:12.8793416Z Artifact swift-linux-arm64-full-099e35afa8a2f01d79ef11f805d760e81d1d983a has been successfully uploaded! Final size is 242726 bytes. Artifact ID is 10308147054
2026-09-13T00:34:12.8795439Z Artifact download URL: https://github.com/fahlman/Primes/actions/runs/34726948107/artifacts/10308147054
2026-09-13T00:34:12.9106609Z Post job cleanup.
2026-09-13T00:34:12.9831443Z [command]/usr/bin/git version
2026-09-13T00:34:12.9870864Z git version 2.55.0
2026-09-13T00:34:12.9902942Z Temporarily overriding HOME='/home/runner/work/_temp/34b84992-2ce0-44aa-b144-f5aa02e325fc' before making global git config changes
2026-09-13T00:34:12.9930600Z Adding repository directory to the temporary git global config as a safe directory
2026-09-13T00:34:12.9931677Z [command]/usr/bin/git config --global --add safe.directory /home/runner/work/Primes/Primes/solution
2026-09-13T00:34:12.9994463Z Removing SSH command configuration
2026-09-13T00:34:12.9995209Z [command]/usr/bin/git config --local --name-only --get-regexp core\.sshCommand
2026-09-13T00:34:12.9996778Z [command]/usr/bin/git submodule foreach --recursive sh -c "git config --local --name-only --get-regexp 'core\.sshCommand' && git config --local --unset-all 'core.sshCommand' || :"
2026-09-13T00:34:13.0193647Z Removing HTTP extra header
2026-09-13T00:34:13.0194218Z [command]/usr/bin/git config --local --name-only --get-regexp http\.https\:\/\/github\.com\/\.extraheader
2026-09-13T00:34:13.0220973Z [command]/usr/bin/git submodule foreach --recursive sh -c "git config --local --name-only --get-regexp 'http\.https\:\/\/github\.com\/\.extraheader' && git config --local --unset-all 'http.https://github.com/.extraheader' || :"
2026-09-13T00:34:13.0422263Z Removing includeIf entries pointing to credentials config files
2026-09-13T00:34:13.0425045Z [command]/usr/bin/git config --local --name-only --get-regexp ^includeIf\.gitdir:
2026-09-13T00:34:13.0462227Z [command]/usr/bin/git submodule foreach --recursive git config --local --show-origin --name-only --get-regexp remote.origin.url
2026-09-13T00:34:13.0797507Z Post job cleanup.
2026-09-13T00:34:13.1549328Z [command]/usr/bin/git version
2026-09-13T00:34:13.1588567Z git version 2.55.0
2026-09-13T00:34:13.1627289Z Temporarily overriding HOME='/home/runner/work/_temp/4e801991-347a-4748-af40-a94cb1246233' before making global git config changes
2026-09-13T00:34:13.1628179Z Adding repository directory to the temporary git global config as a safe directory
2026-09-13T00:34:13.1632326Z [command]/usr/bin/git config --global --add safe.directory /home/runner/work/Primes/Primes/workflow
2026-09-13T00:34:13.1673738Z Removing SSH command configuration
2026-09-13T00:34:13.1681604Z [command]/usr/bin/git config --local --name-only --get-regexp core\.sshCommand
2026-09-13T00:34:13.1715670Z [command]/usr/bin/git submodule foreach --recursive sh -c "git config --local --name-only --get-regexp 'core\.sshCommand' && git config --local --unset-all 'core.sshCommand' || :"
2026-09-13T00:34:13.1920983Z Removing HTTP extra header
2026-09-13T00:34:13.1926078Z [command]/usr/bin/git config --local --name-only --get-regexp http\.https\:\/\/github\.com\/\.extraheader
2026-09-13T00:34:13.1967372Z [command]/usr/bin/git submodule foreach --recursive sh -c "git config --local --name-only --get-regexp 'http\.https\:\/\/github\.com\/\.extraheader' && git config --local --unset-all 'http.https://github.com/.extraheader' || :"
2026-09-13T00:34:13.2208021Z Removing includeIf entries pointing to credentials config files
2026-09-13T00:34:13.2215841Z [command]/usr/bin/git config --local --name-only --get-regexp ^includeIf\.gitdir:
2026-09-13T00:34:13.2254024Z [command]/usr/bin/git submodule foreach --recursive git config --local --show-origin --name-only --get-regexp remote.origin.url
2026-09-13T00:34:13.2592043Z Cleaning up orphan processes
