2026-09-13T00:02:42.0696228Z Current runner version: '2.337.0'
2026-09-13T00:02:42.0723000Z ##[group]Runner Image Provisioner
2026-09-13T00:02:42.0723896Z Hosted Compute Agent
2026-09-13T00:02:42.0724625Z Version: 20260828.587
2026-09-13T00:02:42.0725304Z Commit: abac92662cab4cc7352de4f9f9d2e2419aad9c29
2026-09-13T00:02:42.0726166Z Build Date: 2026-08-28T16:44:25Z
2026-09-13T00:02:42.0726894Z Worker ID: {dff4ea32-4e6d-407a-b67c-e1914d56c6e2}
2026-09-13T00:02:42.0727981Z Azure Region: eastus
2026-09-13T00:02:42.0728684Z ##[endgroup]
2026-09-13T00:02:42.0730185Z ##[group]Operating System
2026-09-13T00:02:42.0731163Z Ubuntu
2026-09-13T00:02:42.0731807Z 24.04.5
2026-09-13T00:02:42.0732329Z LTS
2026-09-13T00:02:42.0732936Z ##[endgroup]
2026-09-13T00:02:42.0733504Z ##[group]Runner Image
2026-09-13T00:02:42.0734190Z Image: ubuntu-24.04
2026-09-13T00:02:42.0734793Z Version: 20260907.300.1
2026-09-13T00:02:42.0736123Z Included Software: https://github.com/actions/runner-images/blob/ubuntu24/20260907.300/images/ubuntu/Ubuntu2404-Readme.md
2026-09-13T00:02:42.0737712Z Image Release: https://github.com/actions/runner-images/releases/tag/ubuntu24%2F20260907.300
2026-09-13T00:02:42.0738754Z ##[endgroup]
2026-09-13T00:02:42.0739909Z ##[group]GITHUB_TOKEN Permissions
2026-09-13T00:02:42.0742320Z Contents: read
2026-09-13T00:02:42.0742969Z Metadata: read
2026-09-13T00:02:42.0743545Z ##[endgroup]
2026-09-13T00:02:42.0745842Z Secret source: Actions
2026-09-13T00:02:42.0746859Z Cache mode: write
2026-09-13T00:02:42.0747917Z Prepare workflow directory
2026-09-13T00:02:42.1144953Z Prepare all required actions
2026-09-13T00:02:42.1194634Z Getting action download info
2026-09-13T00:02:42.3354781Z Download action repository 'actions/checkout@d23441a48e516b6c34aea4fa41551a30e30af803' (SHA:d23441a48e516b6c34aea4fa41551a30e30af803)
2026-09-13T00:02:42.4327851Z Download action repository 'actions/upload-artifact@043fb46d1a93c77aae656e7c1c64a875d1fc6a0a' (SHA:043fb46d1a93c77aae656e7c1c64a875d1fc6a0a)
2026-09-13T00:02:42.6148478Z Complete job name: Validate cutoff 111 on native amd64
2026-09-13T00:02:42.6908295Z ##[group]Run actions/checkout@d23441a48e516b6c34aea4fa41551a30e30af803
2026-09-13T00:02:42.6909367Z with:
2026-09-13T00:02:42.6909850Z   ref: 028125534a516a9adca0cd8f7419bd74d2b51975
2026-09-13T00:02:42.6910450Z   path: workflow
2026-09-13T00:02:42.6911136Z   persist-credentials: false
2026-09-13T00:02:42.6911674Z   repository: fahlman/Primes
2026-09-13T00:02:42.6915486Z   token: ***
2026-09-13T00:02:42.6915922Z   ssh-strict: true
2026-09-13T00:02:42.6916374Z   ssh-user: git
2026-09-13T00:02:42.6916808Z   clean: true
2026-09-13T00:02:42.6917256Z   sparse-checkout-cone-mode: true
2026-09-13T00:02:42.6917778Z   fetch-depth: 1
2026-09-13T00:02:42.6918209Z   fetch-tags: false
2026-09-13T00:02:42.6918660Z   show-progress: true
2026-09-13T00:02:42.6919105Z   lfs: false
2026-09-13T00:02:42.6919518Z   submodules: false
2026-09-13T00:02:42.6919983Z   set-safe-directory: true
2026-09-13T00:02:42.6920488Z   allow-unsafe-pr-checkout: false
2026-09-13T00:02:42.6921523Z env:
2026-09-13T00:02:42.6922152Z   SOLUTION_REVISION: 099e35afa8a2f01d79ef11f805d760e81d1d983a
2026-09-13T00:02:42.6922816Z ##[endgroup]
2026-09-13T00:02:42.7930639Z Syncing repository: fahlman/Primes
2026-09-13T00:02:42.7933453Z ##[group]Getting Git version info
2026-09-13T00:02:42.7934625Z Working directory is '/home/runner/work/Primes/Primes/workflow'
2026-09-13T00:02:42.7936271Z [command]/usr/bin/git version
2026-09-13T00:02:42.8020633Z git version 2.55.0
2026-09-13T00:02:42.8046456Z ##[endgroup]
2026-09-13T00:02:42.8061850Z Temporarily overriding HOME='/home/runner/work/_temp/c61c4524-6a01-4db3-b14d-5f943b7ed204' before making global git config changes
2026-09-13T00:02:42.8064210Z Adding repository directory to the temporary git global config as a safe directory
2026-09-13T00:02:42.8067897Z [command]/usr/bin/git config --global --add safe.directory /home/runner/work/Primes/Primes/workflow
2026-09-13T00:02:42.8126526Z ##[group]Determining repository object format
2026-09-13T00:02:42.8129553Z ##[endgroup]
2026-09-13T00:02:42.8131561Z ##[group]Initializing the repository
2026-09-13T00:02:42.8135618Z [command]/usr/bin/git init /home/runner/work/Primes/Primes/workflow
2026-09-13T00:02:42.8245026Z hint: Using 'master' as the name for the initial branch. This default branch name
2026-09-13T00:02:42.8247311Z hint: will change to "main" in Git 3.0. To configure the initial branch name
2026-09-13T00:02:42.8249723Z hint: to use in all of your new repositories, which will suppress this warning,
2026-09-13T00:02:42.8252058Z hint: call:
2026-09-13T00:02:42.8253129Z hint:
2026-09-13T00:02:42.8254545Z hint: 	git config --global init.defaultBranch <name>
2026-09-13T00:02:42.8256565Z hint:
2026-09-13T00:02:42.8257874Z hint: Names commonly chosen instead of 'master' are 'main', 'trunk' and
2026-09-13T00:02:42.8259811Z hint: 'development'. The just-created branch can be renamed via this command:
2026-09-13T00:02:42.8261404Z hint:
2026-09-13T00:02:42.8262127Z hint: 	git branch -m <name>
2026-09-13T00:02:42.8262888Z hint:
2026-09-13T00:02:42.8263944Z hint: Disable this message with "git config set advice.defaultBranchName false"
2026-09-13T00:02:42.8265623Z Initialized empty Git repository in /home/runner/work/Primes/Primes/workflow/.git/
2026-09-13T00:02:42.8268666Z [command]/usr/bin/git remote add origin https://github.com/fahlman/Primes
2026-09-13T00:02:42.8308657Z ##[endgroup]
2026-09-13T00:02:42.8309845Z ##[group]Disabling automatic garbage collection
2026-09-13T00:02:42.8311783Z [command]/usr/bin/git config --local gc.auto 0
2026-09-13T00:02:42.8347401Z ##[endgroup]
2026-09-13T00:02:42.8348744Z ##[group]Setting up auth
2026-09-13T00:02:42.8350127Z Removing SSH command configuration
2026-09-13T00:02:42.8357996Z [command]/usr/bin/git config --local --name-only --get-regexp core\.sshCommand
2026-09-13T00:02:42.8394502Z [command]/usr/bin/git submodule foreach --recursive sh -c "git config --local --name-only --get-regexp 'core\.sshCommand' && git config --local --unset-all 'core.sshCommand' || :"
2026-09-13T00:02:42.8763141Z Removing HTTP extra header
2026-09-13T00:02:42.8772461Z [command]/usr/bin/git config --local --name-only --get-regexp http\.https\:\/\/github\.com\/\.extraheader
2026-09-13T00:02:42.8814720Z [command]/usr/bin/git submodule foreach --recursive sh -c "git config --local --name-only --get-regexp 'http\.https\:\/\/github\.com\/\.extraheader' && git config --local --unset-all 'http.https://github.com/.extraheader' || :"
2026-09-13T00:02:42.9059470Z Removing includeIf entries pointing to credentials config files
2026-09-13T00:02:42.9067450Z [command]/usr/bin/git config --local --name-only --get-regexp ^includeIf\.gitdir:
2026-09-13T00:02:42.9108601Z [command]/usr/bin/git submodule foreach --recursive git config --local --show-origin --name-only --get-regexp remote.origin.url
2026-09-13T00:02:42.9342955Z [command]/usr/bin/git config --file /home/runner/work/_temp/git-credentials-f50fc0c3-ae07-467c-8400-cf93dc1fe8ab.config http.https://github.com/.extraheader AUTHORIZATION: basic ***
2026-09-13T00:02:42.9389118Z [command]/usr/bin/git config --local includeIf.gitdir:/home/runner/work/Primes/Primes/workflow/.git.path /home/runner/work/_temp/git-credentials-f50fc0c3-ae07-467c-8400-cf93dc1fe8ab.config
2026-09-13T00:02:42.9425956Z [command]/usr/bin/git config --local includeIf.gitdir:/home/runner/work/Primes/Primes/workflow/.git/worktrees/*.path /home/runner/work/_temp/git-credentials-f50fc0c3-ae07-467c-8400-cf93dc1fe8ab.config
2026-09-13T00:02:42.9465174Z [command]/usr/bin/git config --local includeIf.gitdir:/github/workspace/workflow/.git.path /github/runner_temp/git-credentials-f50fc0c3-ae07-467c-8400-cf93dc1fe8ab.config
2026-09-13T00:02:42.9499091Z [command]/usr/bin/git config --local includeIf.gitdir:/github/workspace/workflow/.git/worktrees/*.path /github/runner_temp/git-credentials-f50fc0c3-ae07-467c-8400-cf93dc1fe8ab.config
2026-09-13T00:02:42.9537888Z ##[endgroup]
2026-09-13T00:02:42.9538647Z ##[group]Fetching the repository
2026-09-13T00:02:42.9546199Z [command]/usr/bin/git -c protocol.version=2 fetch --no-tags --prune --no-recurse-submodules --depth=1 origin 028125534a516a9adca0cd8f7419bd74d2b51975
2026-09-13T00:02:43.4263454Z From https://github.com/fahlman/Primes
2026-09-13T00:02:43.4265230Z  * branch            028125534a516a9adca0cd8f7419bd74d2b51975 -> FETCH_HEAD
2026-09-13T00:02:43.4290047Z [command]/usr/bin/git rev-parse --verify --quiet 028125534a516a9adca0cd8f7419bd74d2b51975^{object}
2026-09-13T00:02:43.4310458Z 028125534a516a9adca0cd8f7419bd74d2b51975
2026-09-13T00:02:43.4328357Z ##[endgroup]
2026-09-13T00:02:43.4330110Z ##[group]Determining the checkout info
2026-09-13T00:02:43.4332575Z ##[endgroup]
2026-09-13T00:02:43.4333871Z [command]/usr/bin/git sparse-checkout disable
2026-09-13T00:02:43.4379091Z [command]/usr/bin/git config --local --unset-all extensions.worktreeConfig
2026-09-13T00:02:43.4413549Z ##[group]Checking out the ref
2026-09-13T00:02:43.4416394Z [command]/usr/bin/git checkout --progress --force 028125534a516a9adca0cd8f7419bd74d2b51975
2026-09-13T00:02:43.5612395Z Note: switching to '028125534a516a9adca0cd8f7419bd74d2b51975'.
2026-09-13T00:02:43.5613489Z 
2026-09-13T00:02:43.5614098Z You are in 'detached HEAD' state. You can look around, make experimental
2026-09-13T00:02:43.5615424Z changes and commit them, and you can discard any commits you make in this
2026-09-13T00:02:43.5616739Z state without impacting any branches by switching back to a branch.
2026-09-13T00:02:43.5617451Z 
2026-09-13T00:02:43.5617977Z If you want to create a new branch to retain commits you create, you may
2026-09-13T00:02:43.5619385Z do so (now or later) by using -c with the switch command. Example:
2026-09-13T00:02:43.5620246Z 
2026-09-13T00:02:43.5620606Z   git switch -c <new-branch-name>
2026-09-13T00:02:43.5621475Z 
2026-09-13T00:02:43.5621830Z Or undo this operation with:
2026-09-13T00:02:43.5622598Z 
2026-09-13T00:02:43.5623122Z   git switch -
2026-09-13T00:02:43.5623808Z 
2026-09-13T00:02:43.5624531Z Turn off this advice by setting config variable advice.detachedHead to false
2026-09-13T00:02:43.5625521Z 
2026-09-13T00:02:43.5626443Z HEAD is now at 0281255 Record focused Docker lifecycle regression checks
2026-09-13T00:02:43.5629582Z ##[endgroup]
2026-09-13T00:02:43.5671312Z [command]/usr/bin/git log -1 --format=%H
2026-09-13T00:02:43.5699398Z 028125534a516a9adca0cd8f7419bd74d2b51975
2026-09-13T00:02:43.5709376Z ##[group]Removing auth
2026-09-13T00:02:43.5710483Z Removing SSH command configuration
2026-09-13T00:02:43.5714092Z [command]/usr/bin/git config --local --name-only --get-regexp core\.sshCommand
2026-09-13T00:02:43.5747978Z [command]/usr/bin/git submodule foreach --recursive sh -c "git config --local --name-only --get-regexp 'core\.sshCommand' && git config --local --unset-all 'core.sshCommand' || :"
2026-09-13T00:02:43.5980747Z Removing HTTP extra header
2026-09-13T00:02:43.5984808Z [command]/usr/bin/git config --local --name-only --get-regexp http\.https\:\/\/github\.com\/\.extraheader
2026-09-13T00:02:43.6030588Z [command]/usr/bin/git submodule foreach --recursive sh -c "git config --local --name-only --get-regexp 'http\.https\:\/\/github\.com\/\.extraheader' && git config --local --unset-all 'http.https://github.com/.extraheader' || :"
2026-09-13T00:02:43.6263325Z Removing includeIf entries pointing to credentials config files
2026-09-13T00:02:43.6267660Z [command]/usr/bin/git config --local --name-only --get-regexp ^includeIf\.gitdir:
2026-09-13T00:02:43.6302703Z includeif.gitdir:/home/runner/work/Primes/Primes/workflow/.git.path
2026-09-13T00:02:43.6306539Z includeif.gitdir:/home/runner/work/Primes/Primes/workflow/.git/worktrees/*.path
2026-09-13T00:02:43.6310299Z includeif.gitdir:/github/workspace/workflow/.git.path
2026-09-13T00:02:43.6314433Z includeif.gitdir:/github/workspace/workflow/.git/worktrees/*.path
2026-09-13T00:02:43.6321492Z [command]/usr/bin/git config --local --get-all includeif.gitdir:/home/runner/work/Primes/Primes/workflow/.git.path
2026-09-13T00:02:43.6343123Z /home/runner/work/_temp/git-credentials-f50fc0c3-ae07-467c-8400-cf93dc1fe8ab.config
2026-09-13T00:02:43.6356024Z [command]/usr/bin/git config --local --unset includeif.gitdir:/home/runner/work/Primes/Primes/workflow/.git.path /home/runner/work/_temp/git-credentials-f50fc0c3-ae07-467c-8400-cf93dc1fe8ab.config
2026-09-13T00:02:43.6392398Z [command]/usr/bin/git config --local --get-all includeif.gitdir:/home/runner/work/Primes/Primes/workflow/.git/worktrees/*.path
2026-09-13T00:02:43.6417251Z /home/runner/work/_temp/git-credentials-f50fc0c3-ae07-467c-8400-cf93dc1fe8ab.config
2026-09-13T00:02:43.6429294Z [command]/usr/bin/git config --local --unset includeif.gitdir:/home/runner/work/Primes/Primes/workflow/.git/worktrees/*.path /home/runner/work/_temp/git-credentials-f50fc0c3-ae07-467c-8400-cf93dc1fe8ab.config
2026-09-13T00:02:43.6469326Z [command]/usr/bin/git config --local --get-all includeif.gitdir:/github/workspace/workflow/.git.path
2026-09-13T00:02:43.6495189Z /github/runner_temp/git-credentials-f50fc0c3-ae07-467c-8400-cf93dc1fe8ab.config
2026-09-13T00:02:43.6507472Z [command]/usr/bin/git config --local --unset includeif.gitdir:/github/workspace/workflow/.git.path /github/runner_temp/git-credentials-f50fc0c3-ae07-467c-8400-cf93dc1fe8ab.config
2026-09-13T00:02:43.6554911Z [command]/usr/bin/git config --local --get-all includeif.gitdir:/github/workspace/workflow/.git/worktrees/*.path
2026-09-13T00:02:43.6579581Z /github/runner_temp/git-credentials-f50fc0c3-ae07-467c-8400-cf93dc1fe8ab.config
2026-09-13T00:02:43.6589421Z [command]/usr/bin/git config --local --unset includeif.gitdir:/github/workspace/workflow/.git/worktrees/*.path /github/runner_temp/git-credentials-f50fc0c3-ae07-467c-8400-cf93dc1fe8ab.config
2026-09-13T00:02:43.6626110Z [command]/usr/bin/git submodule foreach --recursive git config --local --show-origin --name-only --get-regexp remote.origin.url
2026-09-13T00:02:43.6852188Z Removing credentials config '/home/runner/work/_temp/git-credentials-f50fc0c3-ae07-467c-8400-cf93dc1fe8ab.config'
2026-09-13T00:02:43.6859752Z ##[endgroup]
2026-09-13T00:02:43.7295695Z ##[group]Run actions/checkout@d23441a48e516b6c34aea4fa41551a30e30af803
2026-09-13T00:02:43.7297171Z with:
2026-09-13T00:02:43.7298071Z   repository: fahlman/Primes
2026-09-13T00:02:43.7299195Z   ref: 099e35afa8a2f01d79ef11f805d760e81d1d983a
2026-09-13T00:02:43.7300363Z   path: solution
2026-09-13T00:02:43.7301475Z   persist-credentials: false
2026-09-13T00:02:43.7310202Z   token: ***
2026-09-13T00:02:43.7311284Z   ssh-strict: true
2026-09-13T00:02:43.7312207Z   ssh-user: git
2026-09-13T00:02:43.7313078Z   clean: true
2026-09-13T00:02:43.7314004Z   sparse-checkout-cone-mode: true
2026-09-13T00:02:43.7315085Z   fetch-depth: 1
2026-09-13T00:02:43.7315983Z   fetch-tags: false
2026-09-13T00:02:43.7316904Z   show-progress: true
2026-09-13T00:02:43.7317839Z   lfs: false
2026-09-13T00:02:43.7318703Z   submodules: false
2026-09-13T00:02:43.7319641Z   set-safe-directory: true
2026-09-13T00:02:43.7320684Z   allow-unsafe-pr-checkout: false
2026-09-13T00:02:43.7321869Z env:
2026-09-13T00:02:43.7322967Z   SOLUTION_REVISION: 099e35afa8a2f01d79ef11f805d760e81d1d983a
2026-09-13T00:02:43.7324267Z ##[endgroup]
2026-09-13T00:02:43.8173439Z Syncing repository: fahlman/Primes
2026-09-13T00:02:43.8179780Z ##[group]Getting Git version info
2026-09-13T00:02:43.8182555Z Working directory is '/home/runner/work/Primes/Primes/solution'
2026-09-13T00:02:43.8225550Z [command]/usr/bin/git version
2026-09-13T00:02:43.8268182Z git version 2.55.0
2026-09-13T00:02:43.8292540Z ##[endgroup]
2026-09-13T00:02:43.8307822Z Temporarily overriding HOME='/home/runner/work/_temp/afedab9c-0dd3-4def-827e-1445da906f76' before making global git config changes
2026-09-13T00:02:43.8312614Z Adding repository directory to the temporary git global config as a safe directory
2026-09-13T00:02:43.8316430Z [command]/usr/bin/git config --global --add safe.directory /home/runner/work/Primes/Primes/solution
2026-09-13T00:02:43.8351657Z ##[group]Determining repository object format
2026-09-13T00:02:43.8354567Z ##[endgroup]
2026-09-13T00:02:43.8357151Z ##[group]Initializing the repository
2026-09-13T00:02:43.8359604Z [command]/usr/bin/git init /home/runner/work/Primes/Primes/solution
2026-09-13T00:02:43.8417300Z hint: Using 'master' as the name for the initial branch. This default branch name
2026-09-13T00:02:43.8422797Z hint: will change to "main" in Git 3.0. To configure the initial branch name
2026-09-13T00:02:43.8425950Z hint: to use in all of your new repositories, which will suppress this warning,
2026-09-13T00:02:43.8428031Z hint: call:
2026-09-13T00:02:43.8429441Z hint:
2026-09-13T00:02:43.8431438Z hint: 	git config --global init.defaultBranch <name>
2026-09-13T00:02:43.8433554Z hint:
2026-09-13T00:02:43.8436039Z hint: Names commonly chosen instead of 'master' are 'main', 'trunk' and
2026-09-13T00:02:43.8439320Z hint: 'development'. The just-created branch can be renamed via this command:
2026-09-13T00:02:43.8441958Z hint:
2026-09-13T00:02:43.8443484Z hint: 	git branch -m <name>
2026-09-13T00:02:43.8445230Z hint:
2026-09-13T00:02:43.8447493Z hint: Disable this message with "git config set advice.defaultBranchName false"
2026-09-13T00:02:43.8451579Z Initialized empty Git repository in /home/runner/work/Primes/Primes/solution/.git/
2026-09-13T00:02:43.8457336Z [command]/usr/bin/git remote add origin https://github.com/fahlman/Primes
2026-09-13T00:02:43.8475230Z ##[endgroup]
2026-09-13T00:02:43.8477760Z ##[group]Disabling automatic garbage collection
2026-09-13T00:02:43.8480131Z [command]/usr/bin/git config --local gc.auto 0
2026-09-13T00:02:43.8517527Z ##[endgroup]
2026-09-13T00:02:43.8519870Z ##[group]Setting up auth
2026-09-13T00:02:43.8521821Z Removing SSH command configuration
2026-09-13T00:02:43.8525972Z [command]/usr/bin/git config --local --name-only --get-regexp core\.sshCommand
2026-09-13T00:02:43.8564858Z [command]/usr/bin/git submodule foreach --recursive sh -c "git config --local --name-only --get-regexp 'core\.sshCommand' && git config --local --unset-all 'core.sshCommand' || :"
2026-09-13T00:02:43.8802256Z Removing HTTP extra header
2026-09-13T00:02:43.8810120Z [command]/usr/bin/git config --local --name-only --get-regexp http\.https\:\/\/github\.com\/\.extraheader
2026-09-13T00:02:43.8847574Z [command]/usr/bin/git submodule foreach --recursive sh -c "git config --local --name-only --get-regexp 'http\.https\:\/\/github\.com\/\.extraheader' && git config --local --unset-all 'http.https://github.com/.extraheader' || :"
2026-09-13T00:02:43.9087440Z Removing includeIf entries pointing to credentials config files
2026-09-13T00:02:43.9104174Z [command]/usr/bin/git config --local --name-only --get-regexp ^includeIf\.gitdir:
2026-09-13T00:02:43.9137794Z [command]/usr/bin/git submodule foreach --recursive git config --local --show-origin --name-only --get-regexp remote.origin.url
2026-09-13T00:02:43.9425811Z [command]/usr/bin/git config --file /home/runner/work/_temp/git-credentials-0e9e919b-f0be-4b9f-9bf1-9ae77f90c55c.config http.https://github.com/.extraheader AUTHORIZATION: basic ***
2026-09-13T00:02:43.9486261Z [command]/usr/bin/git config --local includeIf.gitdir:/home/runner/work/Primes/Primes/solution/.git.path /home/runner/work/_temp/git-credentials-0e9e919b-f0be-4b9f-9bf1-9ae77f90c55c.config
2026-09-13T00:02:43.9534665Z [command]/usr/bin/git config --local includeIf.gitdir:/home/runner/work/Primes/Primes/solution/.git/worktrees/*.path /home/runner/work/_temp/git-credentials-0e9e919b-f0be-4b9f-9bf1-9ae77f90c55c.config
2026-09-13T00:02:43.9589237Z [command]/usr/bin/git config --local includeIf.gitdir:/github/workspace/solution/.git.path /github/runner_temp/git-credentials-0e9e919b-f0be-4b9f-9bf1-9ae77f90c55c.config
2026-09-13T00:02:43.9650502Z [command]/usr/bin/git config --local includeIf.gitdir:/github/workspace/solution/.git/worktrees/*.path /github/runner_temp/git-credentials-0e9e919b-f0be-4b9f-9bf1-9ae77f90c55c.config
2026-09-13T00:02:43.9685283Z ##[endgroup]
2026-09-13T00:02:43.9686275Z ##[group]Fetching the repository
2026-09-13T00:02:43.9695429Z [command]/usr/bin/git -c protocol.version=2 fetch --no-tags --prune --no-recurse-submodules --depth=1 origin 099e35afa8a2f01d79ef11f805d760e81d1d983a
2026-09-13T00:02:44.4058125Z From https://github.com/fahlman/Primes
2026-09-13T00:02:44.4059803Z  * branch            099e35afa8a2f01d79ef11f805d760e81d1d983a -> FETCH_HEAD
2026-09-13T00:02:44.4070793Z [command]/usr/bin/git rev-parse --verify --quiet 099e35afa8a2f01d79ef11f805d760e81d1d983a^{object}
2026-09-13T00:02:44.4098739Z 099e35afa8a2f01d79ef11f805d760e81d1d983a
2026-09-13T00:02:44.4103884Z ##[endgroup]
2026-09-13T00:02:44.4104545Z ##[group]Determining the checkout info
2026-09-13T00:02:44.4105242Z ##[endgroup]
2026-09-13T00:02:44.4110377Z [command]/usr/bin/git sparse-checkout disable
2026-09-13T00:02:44.4151943Z [command]/usr/bin/git config --local --unset-all extensions.worktreeConfig
2026-09-13T00:02:44.4182149Z ##[group]Checking out the ref
2026-09-13T00:02:44.4186065Z [command]/usr/bin/git checkout --progress --force 099e35afa8a2f01d79ef11f805d760e81d1d983a
2026-09-13T00:02:44.5189863Z Note: switching to '099e35afa8a2f01d79ef11f805d760e81d1d983a'.
2026-09-13T00:02:44.5191523Z 
2026-09-13T00:02:44.5191896Z You are in 'detached HEAD' state. You can look around, make experimental
2026-09-13T00:02:44.5192824Z changes and commit them, and you can discard any commits you make in this
2026-09-13T00:02:44.5193677Z state without impacting any branches by switching back to a branch.
2026-09-13T00:02:44.5194002Z 
2026-09-13T00:02:44.5194206Z If you want to create a new branch to retain commits you create, you may
2026-09-13T00:02:44.5194679Z do so (now or later) by using -c with the switch command. Example:
2026-09-13T00:02:44.5194960Z 
2026-09-13T00:02:44.5195073Z   git switch -c <new-branch-name>
2026-09-13T00:02:44.5195329Z 
2026-09-13T00:02:44.5195448Z Or undo this operation with:
2026-09-13T00:02:44.5195618Z 
2026-09-13T00:02:44.5195714Z   git switch -
2026-09-13T00:02:44.5195845Z 
2026-09-13T00:02:44.5196076Z Turn off this advice by setting config variable advice.detachedHead to false
2026-09-13T00:02:44.5196401Z 
2026-09-13T00:02:44.5196941Z HEAD is now at 099e35a Stop the Swift 128-bit handlers at 111: cutoff sweep, variant 3
2026-09-13T00:02:44.5198734Z ##[endgroup]
2026-09-13T00:02:44.5242500Z [command]/usr/bin/git log -1 --format=%H
2026-09-13T00:02:44.5270447Z 099e35afa8a2f01d79ef11f805d760e81d1d983a
2026-09-13T00:02:44.5280158Z ##[group]Removing auth
2026-09-13T00:02:44.5280641Z Removing SSH command configuration
2026-09-13T00:02:44.5284246Z [command]/usr/bin/git config --local --name-only --get-regexp core\.sshCommand
2026-09-13T00:02:44.5317395Z [command]/usr/bin/git submodule foreach --recursive sh -c "git config --local --name-only --get-regexp 'core\.sshCommand' && git config --local --unset-all 'core.sshCommand' || :"
2026-09-13T00:02:44.5546604Z Removing HTTP extra header
2026-09-13T00:02:44.5555729Z [command]/usr/bin/git config --local --name-only --get-regexp http\.https\:\/\/github\.com\/\.extraheader
2026-09-13T00:02:44.5592884Z [command]/usr/bin/git submodule foreach --recursive sh -c "git config --local --name-only --get-regexp 'http\.https\:\/\/github\.com\/\.extraheader' && git config --local --unset-all 'http.https://github.com/.extraheader' || :"
2026-09-13T00:02:44.5820444Z Removing includeIf entries pointing to credentials config files
2026-09-13T00:02:44.5824964Z [command]/usr/bin/git config --local --name-only --get-regexp ^includeIf\.gitdir:
2026-09-13T00:02:44.5852901Z includeif.gitdir:/home/runner/work/Primes/Primes/solution/.git.path
2026-09-13T00:02:44.5853808Z includeif.gitdir:/home/runner/work/Primes/Primes/solution/.git/worktrees/*.path
2026-09-13T00:02:44.5854401Z includeif.gitdir:/github/workspace/solution/.git.path
2026-09-13T00:02:44.5854872Z includeif.gitdir:/github/workspace/solution/.git/worktrees/*.path
2026-09-13T00:02:44.5871643Z [command]/usr/bin/git config --local --get-all includeif.gitdir:/home/runner/work/Primes/Primes/solution/.git.path
2026-09-13T00:02:44.5889493Z /home/runner/work/_temp/git-credentials-0e9e919b-f0be-4b9f-9bf1-9ae77f90c55c.config
2026-09-13T00:02:44.5900057Z [command]/usr/bin/git config --local --unset includeif.gitdir:/home/runner/work/Primes/Primes/solution/.git.path /home/runner/work/_temp/git-credentials-0e9e919b-f0be-4b9f-9bf1-9ae77f90c55c.config
2026-09-13T00:02:44.5936122Z [command]/usr/bin/git config --local --get-all includeif.gitdir:/home/runner/work/Primes/Primes/solution/.git/worktrees/*.path
2026-09-13T00:02:44.5962173Z /home/runner/work/_temp/git-credentials-0e9e919b-f0be-4b9f-9bf1-9ae77f90c55c.config
2026-09-13T00:02:44.5971713Z [command]/usr/bin/git config --local --unset includeif.gitdir:/home/runner/work/Primes/Primes/solution/.git/worktrees/*.path /home/runner/work/_temp/git-credentials-0e9e919b-f0be-4b9f-9bf1-9ae77f90c55c.config
2026-09-13T00:02:44.6011347Z [command]/usr/bin/git config --local --get-all includeif.gitdir:/github/workspace/solution/.git.path
2026-09-13T00:02:44.6037138Z /github/runner_temp/git-credentials-0e9e919b-f0be-4b9f-9bf1-9ae77f90c55c.config
2026-09-13T00:02:44.6047405Z [command]/usr/bin/git config --local --unset includeif.gitdir:/github/workspace/solution/.git.path /github/runner_temp/git-credentials-0e9e919b-f0be-4b9f-9bf1-9ae77f90c55c.config
2026-09-13T00:02:44.6095536Z [command]/usr/bin/git config --local --get-all includeif.gitdir:/github/workspace/solution/.git/worktrees/*.path
2026-09-13T00:02:44.6120320Z /github/runner_temp/git-credentials-0e9e919b-f0be-4b9f-9bf1-9ae77f90c55c.config
2026-09-13T00:02:44.6127312Z [command]/usr/bin/git config --local --unset includeif.gitdir:/github/workspace/solution/.git/worktrees/*.path /github/runner_temp/git-credentials-0e9e919b-f0be-4b9f-9bf1-9ae77f90c55c.config
2026-09-13T00:02:44.6162292Z [command]/usr/bin/git submodule foreach --recursive git config --local --show-origin --name-only --get-regexp remote.origin.url
2026-09-13T00:02:44.6388862Z Removing credentials config '/home/runner/work/_temp/git-credentials-0e9e919b-f0be-4b9f-9bf1-9ae77f90c55c.config'
2026-09-13T00:02:44.6398252Z ##[endgroup]
2026-09-13T00:02:44.6528735Z ##[group]Run python3 workflow/experiments/swift/tools/linux-docker/test_lifecycle.py \
2026-09-13T00:02:44.6529491Z [36;1mpython3 workflow/experiments/swift/tools/linux-docker/test_lifecycle.py \[0m
2026-09-13T00:02:44.6530142Z [36;1m  --docker-probe --output "$RUNNER_TEMP/swift-linux-docker-lifecycle"[0m
2026-09-13T00:02:44.6572507Z shell: /usr/bin/bash -e {0}
2026-09-13T00:02:44.6572802Z env:
2026-09-13T00:02:44.6573091Z   SOLUTION_REVISION: 099e35afa8a2f01d79ef11f805d760e81d1d983a
2026-09-13T00:02:44.6573449Z ##[endgroup]
2026-09-13T00:02:44.7887495Z RUN client: ["docker"]
2026-09-13T00:02:44.7898988Z RUN client: ["docker"]
2026-09-13T00:02:44.7912566Z RUN client: ["docker"]
2026-09-13T00:02:44.7968806Z RUN probe-pull: ["docker", "pull", "busybox:1.37.0"]
2026-09-13T00:02:45.4135898Z RUN probe-image: ["docker", "image", "inspect", "busybox:1.37.0"]
2026-09-13T00:02:45.4469168Z RUN create-probe-normal: ["docker", "container", "create", "--name", "swift-validation-c7352a31e5734ab6a20d54d5a0364a12-0", "--label", "org.fahlman.primes.validation-owner=c7352a31e5734ab6a20d54d5a0364a12", "--network", "none", "busybox:1.37.0", "sh", "-c", "exit 0"]
2026-09-13T00:02:48.0173773Z RUN inspect-owned-swift-validation-c7352a31e5734ab6a20d54d5a0364a12-0: ["docker", "container", "inspect", "dfd7077e6ec695834e27f564c94473543335cc3da974aea15a5e713b74f9d21e"]
2026-09-13T00:02:48.0343051Z RUN probe-normal: ["docker", "container", "start", "--attach", "dfd7077e6ec695834e27f564c94473543335cc3da974aea15a5e713b74f9d21e"]
2026-09-13T00:02:48.2500646Z RUN inspect-owned-swift-validation-c7352a31e5734ab6a20d54d5a0364a12-0: ["docker", "container", "inspect", "dfd7077e6ec695834e27f564c94473543335cc3da974aea15a5e713b74f9d21e"]
2026-09-13T00:02:48.2673415Z RUN find-owned-swift-validation-c7352a31e5734ab6a20d54d5a0364a12-0: ["docker", "container", "ls", "--all", "--quiet", "--no-trunc", "--filter", "id=dfd7077e6ec695834e27f564c94473543335cc3da974aea15a5e713b74f9d21e"]
2026-09-13T00:02:48.2841819Z RUN inspect-owned-swift-validation-c7352a31e5734ab6a20d54d5a0364a12-0: ["docker", "container", "inspect", "dfd7077e6ec695834e27f564c94473543335cc3da974aea15a5e713b74f9d21e"]
2026-09-13T00:02:48.3013978Z RUN remove-owned-swift-validation-c7352a31e5734ab6a20d54d5a0364a12-0: ["docker", "container", "rm", "--force", "dfd7077e6ec695834e27f564c94473543335cc3da974aea15a5e713b74f9d21e"]
2026-09-13T00:02:48.3181850Z RUN find-owned-swift-validation-c7352a31e5734ab6a20d54d5a0364a12-0: ["docker", "container", "ls", "--all", "--quiet", "--no-trunc", "--filter", "id=dfd7077e6ec695834e27f564c94473543335cc3da974aea15a5e713b74f9d21e"]
2026-09-13T00:02:48.3356505Z RUN create-probe-nonzero: ["docker", "container", "create", "--name", "swift-validation-c7352a31e5734ab6a20d54d5a0364a12-1", "--label", "org.fahlman.primes.validation-owner=c7352a31e5734ab6a20d54d5a0364a12", "--network", "none", "busybox:1.37.0", "sh", "-c", "exit 7"]
2026-09-13T00:02:48.3687365Z RUN inspect-owned-swift-validation-c7352a31e5734ab6a20d54d5a0364a12-1: ["docker", "container", "inspect", "71e611c454681a511440d7f1093686ed0c396fd847dc06ea575b289e41dfd62d"]
2026-09-13T00:02:48.3860596Z RUN probe-nonzero: ["docker", "container", "start", "--attach", "71e611c454681a511440d7f1093686ed0c396fd847dc06ea575b289e41dfd62d"]
2026-09-13T00:02:48.5517768Z RUN find-owned-swift-validation-c7352a31e5734ab6a20d54d5a0364a12-1: ["docker", "container", "ls", "--all", "--quiet", "--no-trunc", "--filter", "id=71e611c454681a511440d7f1093686ed0c396fd847dc06ea575b289e41dfd62d"]
2026-09-13T00:02:48.5689981Z RUN inspect-owned-swift-validation-c7352a31e5734ab6a20d54d5a0364a12-1: ["docker", "container", "inspect", "71e611c454681a511440d7f1093686ed0c396fd847dc06ea575b289e41dfd62d"]
2026-09-13T00:02:48.5864109Z RUN remove-owned-swift-validation-c7352a31e5734ab6a20d54d5a0364a12-1: ["docker", "container", "rm", "--force", "71e611c454681a511440d7f1093686ed0c396fd847dc06ea575b289e41dfd62d"]
2026-09-13T00:02:48.6034419Z RUN find-owned-swift-validation-c7352a31e5734ab6a20d54d5a0364a12-1: ["docker", "container", "ls", "--all", "--quiet", "--no-trunc", "--filter", "id=71e611c454681a511440d7f1093686ed0c396fd847dc06ea575b289e41dfd62d"]
2026-09-13T00:02:48.6213058Z RUN create-probe-timeout: ["docker", "container", "create", "--name", "swift-validation-c7352a31e5734ab6a20d54d5a0364a12-2", "--label", "org.fahlman.primes.validation-owner=c7352a31e5734ab6a20d54d5a0364a12", "--network", "none", "busybox:1.37.0", "sh", "-c", "echo probe-started-timeout; exec sleep 10"]
2026-09-13T00:02:48.6545213Z RUN inspect-owned-swift-validation-c7352a31e5734ab6a20d54d5a0364a12-2: ["docker", "container", "inspect", "a5eb1cd30d342f3b684c41da90c555ba505ee39a74d8ae1f2806554c8c014f2d"]
2026-09-13T00:02:48.6720229Z RUN probe-timeout: ["docker", "container", "start", "--attach", "a5eb1cd30d342f3b684c41da90c555ba505ee39a74d8ae1f2806554c8c014f2d"]
2026-09-13T00:02:49.6815697Z RUN find-owned-swift-validation-c7352a31e5734ab6a20d54d5a0364a12-2: ["docker", "container", "ls", "--all", "--quiet", "--no-trunc", "--filter", "id=a5eb1cd30d342f3b684c41da90c555ba505ee39a74d8ae1f2806554c8c014f2d"]
2026-09-13T00:02:49.6987358Z RUN inspect-owned-swift-validation-c7352a31e5734ab6a20d54d5a0364a12-2: ["docker", "container", "inspect", "a5eb1cd30d342f3b684c41da90c555ba505ee39a74d8ae1f2806554c8c014f2d"]
2026-09-13T00:02:49.7165297Z RUN remove-owned-swift-validation-c7352a31e5734ab6a20d54d5a0364a12-2: ["docker", "container", "rm", "--force", "a5eb1cd30d342f3b684c41da90c555ba505ee39a74d8ae1f2806554c8c014f2d"]
2026-09-13T00:02:49.7818851Z RUN find-owned-swift-validation-c7352a31e5734ab6a20d54d5a0364a12-2: ["docker", "container", "ls", "--all", "--quiet", "--no-trunc", "--filter", "id=a5eb1cd30d342f3b684c41da90c555ba505ee39a74d8ae1f2806554c8c014f2d"]
2026-09-13T00:02:49.8001731Z RUN create-probe-sigterm: ["docker", "container", "create", "--name", "swift-validation-c7352a31e5734ab6a20d54d5a0364a12-3", "--label", "org.fahlman.primes.validation-owner=c7352a31e5734ab6a20d54d5a0364a12", "--network", "none", "busybox:1.37.0", "sh", "-c", "echo probe-started-sigterm; exec sleep 10"]
2026-09-13T00:02:49.8336866Z RUN inspect-owned-swift-validation-c7352a31e5734ab6a20d54d5a0364a12-3: ["docker", "container", "inspect", "2e17f35a33271986d7cdf6725c604bc5139c7012aab34a6bb42f9eebc783cf8d"]
2026-09-13T00:02:49.8517648Z RUN probe-sigterm: ["docker", "container", "start", "--attach", "2e17f35a33271986d7cdf6725c604bc5139c7012aab34a6bb42f9eebc783cf8d"]
2026-09-13T00:02:50.8560279Z RUN find-owned-swift-validation-c7352a31e5734ab6a20d54d5a0364a12-3: ["docker", "container", "ls", "--all", "--quiet", "--no-trunc", "--filter", "id=2e17f35a33271986d7cdf6725c604bc5139c7012aab34a6bb42f9eebc783cf8d"]
2026-09-13T00:02:50.8737562Z RUN inspect-owned-swift-validation-c7352a31e5734ab6a20d54d5a0364a12-3: ["docker", "container", "inspect", "2e17f35a33271986d7cdf6725c604bc5139c7012aab34a6bb42f9eebc783cf8d"]
2026-09-13T00:02:50.8918189Z RUN remove-owned-swift-validation-c7352a31e5734ab6a20d54d5a0364a12-3: ["docker", "container", "rm", "--force", "2e17f35a33271986d7cdf6725c604bc5139c7012aab34a6bb42f9eebc783cf8d"]
2026-09-13T00:02:50.9578659Z RUN find-owned-swift-validation-c7352a31e5734ab6a20d54d5a0364a12-3: ["docker", "container", "ls", "--all", "--quiet", "--no-trunc", "--filter", "id=2e17f35a33271986d7cdf6725c604bc5139c7012aab34a6bb42f9eebc783cf8d"]
2026-09-13T00:02:50.9969399Z ##[group]Run python3 workflow/experiments/swift/tools/linux-docker/validate.py \
2026-09-13T00:02:50.9970040Z [36;1mpython3 workflow/experiments/swift/tools/linux-docker/validate.py \[0m
2026-09-13T00:02:50.9970512Z [36;1m  --solution-root "$GITHUB_WORKSPACE/solution" \[0m
2026-09-13T00:02:50.9971170Z [36;1m  --solution-revision "$SOLUTION_REVISION" \[0m
2026-09-13T00:02:50.9971554Z [36;1m  --workflow-root "$GITHUB_WORKSPACE/workflow" \[0m
2026-09-13T00:02:50.9971924Z [36;1m  --platform "$VALIDATION_PLATFORM" \[0m
2026-09-13T00:02:50.9972303Z [36;1m  --output "$RUNNER_TEMP/swift-linux-docker-evidence" \[0m
2026-09-13T00:02:50.9972735Z [36;1m  --build-output "$RUNNER_TEMP/swift-linux-docker-checks"[0m
2026-09-13T00:02:51.0010756Z shell: /usr/bin/bash -e {0}
2026-09-13T00:02:51.0011230Z env:
2026-09-13T00:02:51.0011509Z   SOLUTION_REVISION: 099e35afa8a2f01d79ef11f805d760e81d1d983a
2026-09-13T00:02:51.0011866Z   VALIDATION_PLATFORM: linux/amd64
2026-09-13T00:02:51.0012172Z ##[endgroup]
2026-09-13T00:02:51.0466237Z RUN solution-head: ["git", "-C", "/home/runner/work/Primes/Primes/solution", "rev-parse", "HEAD"]
2026-09-13T00:02:51.0509680Z RUN solution-clean: ["git", "-C", "/home/runner/work/Primes/Primes/solution", "status", "--porcelain"]
2026-09-13T00:02:51.1157566Z RUN workflow-head: ["git", "-C", "/home/runner/work/Primes/Primes/workflow", "rev-parse", "HEAD"]
2026-09-13T00:02:51.1209182Z RUN host-kernel: ["uname", "-a"]
2026-09-13T00:02:51.1231736Z RUN host-cpu: ["lscpu"]
2026-09-13T00:02:51.1363136Z RUN docker-version: ["docker", "version", "--format", "{{json .}}"]
2026-09-13T00:02:51.1693597Z RUN docker-platform: ["docker", "info", "--format", "{{.OSType}}/{{.Architecture}}"]
2026-09-13T00:02:51.3853620Z RUN pull-base-0: ["docker", "pull", "--platform", "linux/amd64", "swift:6.3.3"]
2026-09-13T00:03:18.5709836Z RUN inspect-base-0: ["docker", "image", "inspect", "swift:6.3.3"]
2026-09-13T00:03:18.5880835Z RUN pull-base-1: ["docker", "pull", "--platform", "linux/amd64", "swift:6.3.3-slim"]
2026-09-13T00:03:20.3071313Z RUN inspect-base-1: ["docker", "image", "inspect", "swift:6.3.3-slim"]
2026-09-13T00:03:20.3242546Z RUN build-compiler-stage: ["docker", "build", "--progress=plain", "--pull=false", "--platform", "linux/amd64", "--file", "/home/runner/work/Primes/Primes/solution/experiments/swift/Dockerfile", "--target", "build", "--tag", "swift-validation-build:099e35afa8a2-amd64", "--iidfile", "/home/runner/work/_temp/swift-linux-docker-evidence/build-image.id", "/home/runner/work/Primes/Primes/solution/experiments/swift"]
2026-09-13T00:05:35.6023653Z RUN build-runtime-image: ["docker", "build", "--progress=plain", "--pull=false", "--platform", "linux/amd64", "--file", "/home/runner/work/Primes/Primes/solution/experiments/swift/Dockerfile", "--tag", "swift-validation-runtime:099e35afa8a2-amd64", "--iidfile", "/home/runner/work/_temp/swift-linux-docker-evidence/runtime-image.id", "/home/runner/work/Primes/Primes/solution/experiments/swift"]
2026-09-13T00:05:36.0683642Z RUN inspect-build-image: ["docker", "image", "inspect", "swift-validation-build:099e35afa8a2-amd64"]
2026-09-13T00:05:36.0854503Z RUN inspect-runtime-image: ["docker", "image", "inspect", "swift-validation-runtime:099e35afa8a2-amd64"]
2026-09-13T00:05:36.1031755Z RUN create-container-swift-version: ["docker", "container", "create", "--name", "swift-validation-7c40ee8cac8c48a19139fe36d7b30315-0", "--label", "org.fahlman.primes.validation-owner=7c40ee8cac8c48a19139fe36d7b30315", "--platform", "linux/amd64", "--network", "none", "--entrypoint", "swiftc", "swift-validation-build:099e35afa8a2-amd64", "--version"]
2026-09-13T00:05:36.1365643Z RUN inspect-owned-swift-validation-7c40ee8cac8c48a19139fe36d7b30315-0: ["docker", "container", "inspect", "72b2ad3ca07920b5258cb4c52a74ce358585b2835ce95da0212d8478f73e120e"]
2026-09-13T00:05:36.1540692Z RUN container-swift-version: ["docker", "container", "start", "--attach", "72b2ad3ca07920b5258cb4c52a74ce358585b2835ce95da0212d8478f73e120e"]
2026-09-13T00:05:36.3701728Z RUN inspect-owned-swift-validation-7c40ee8cac8c48a19139fe36d7b30315-0: ["docker", "container", "inspect", "72b2ad3ca07920b5258cb4c52a74ce358585b2835ce95da0212d8478f73e120e"]
2026-09-13T00:05:36.3879357Z RUN find-owned-swift-validation-7c40ee8cac8c48a19139fe36d7b30315-0: ["docker", "container", "ls", "--all", "--quiet", "--no-trunc", "--filter", "id=72b2ad3ca07920b5258cb4c52a74ce358585b2835ce95da0212d8478f73e120e"]
2026-09-13T00:05:36.4051686Z RUN inspect-owned-swift-validation-7c40ee8cac8c48a19139fe36d7b30315-0: ["docker", "container", "inspect", "72b2ad3ca07920b5258cb4c52a74ce358585b2835ce95da0212d8478f73e120e"]
2026-09-13T00:05:36.4230277Z RUN remove-owned-swift-validation-7c40ee8cac8c48a19139fe36d7b30315-0: ["docker", "container", "rm", "--force", "72b2ad3ca07920b5258cb4c52a74ce358585b2835ce95da0212d8478f73e120e"]
2026-09-13T00:05:36.4401548Z RUN find-owned-swift-validation-7c40ee8cac8c48a19139fe36d7b30315-0: ["docker", "container", "ls", "--all", "--quiet", "--no-trunc", "--filter", "id=72b2ad3ca07920b5258cb4c52a74ce358585b2835ce95da0212d8478f73e120e"]
2026-09-13T00:05:36.4583384Z RUN create-runtime-smoke: ["docker", "container", "create", "--name", "swift-validation-7c40ee8cac8c48a19139fe36d7b30315-1", "--label", "org.fahlman.primes.validation-owner=7c40ee8cac8c48a19139fe36d7b30315", "--platform", "linux/amd64", "--network", "none", "swift-validation-runtime:099e35afa8a2-amd64"]
2026-09-13T00:05:36.4918314Z RUN inspect-owned-swift-validation-7c40ee8cac8c48a19139fe36d7b30315-1: ["docker", "container", "inspect", "8248e126cd5b74a85de751ea17513fc7de67b54375aacdea876bd5f301e4222c"]
2026-09-13T00:05:36.5097795Z RUN runtime-smoke: ["docker", "container", "start", "--attach", "8248e126cd5b74a85de751ea17513fc7de67b54375aacdea876bd5f301e4222c"]
2026-09-13T00:05:41.6861625Z RUN inspect-owned-swift-validation-7c40ee8cac8c48a19139fe36d7b30315-1: ["docker", "container", "inspect", "8248e126cd5b74a85de751ea17513fc7de67b54375aacdea876bd5f301e4222c"]
2026-09-13T00:05:41.7044706Z RUN find-owned-swift-validation-7c40ee8cac8c48a19139fe36d7b30315-1: ["docker", "container", "ls", "--all", "--quiet", "--no-trunc", "--filter", "id=8248e126cd5b74a85de751ea17513fc7de67b54375aacdea876bd5f301e4222c"]
2026-09-13T00:05:41.7218542Z RUN inspect-owned-swift-validation-7c40ee8cac8c48a19139fe36d7b30315-1: ["docker", "container", "inspect", "8248e126cd5b74a85de751ea17513fc7de67b54375aacdea876bd5f301e4222c"]
2026-09-13T00:05:41.7397557Z RUN remove-owned-swift-validation-7c40ee8cac8c48a19139fe36d7b30315-1: ["docker", "container", "rm", "--force", "8248e126cd5b74a85de751ea17513fc7de67b54375aacdea876bd5f301e4222c"]
2026-09-13T00:05:41.7570675Z RUN find-owned-swift-validation-7c40ee8cac8c48a19139fe36d7b30315-1: ["docker", "container", "ls", "--all", "--quiet", "--no-trunc", "--filter", "id=8248e126cd5b74a85de751ea17513fc7de67b54375aacdea876bd5f301e4222c"]
2026-09-13T00:05:41.7760398Z RUN create-compile-verify-asan: ["docker", "container", "create", "--name", "swift-validation-7c40ee8cac8c48a19139fe36d7b30315-2", "--label", "org.fahlman.primes.validation-owner=7c40ee8cac8c48a19139fe36d7b30315", "--platform", "linux/amd64", "--network", "none", "--mount", "type=bind,source=/home/runner/work/Primes/Primes/solution/experiments/swift,target=/source,readonly", "--mount", "type=bind,source=/home/runner/work/_temp/swift-linux-docker-checks,target=/validation", "--workdir", "/validation", "--entrypoint", "swiftc", "swift-validation-build:099e35afa8a2-amd64", "-O", "-sanitize=address", "/source/PrimeSieve.swift", "/source/Verify.swift", "-o", "/validation/verify-asan"]
2026-09-13T00:05:41.8099119Z RUN inspect-owned-swift-validation-7c40ee8cac8c48a19139fe36d7b30315-2: ["docker", "container", "inspect", "658b8fe34b6acb780bcef9218fe8f5d3bdce4aefd9fe5bffa1a95f558b797317"]
2026-09-13T00:05:41.8282309Z RUN compile-verify-asan: ["docker", "container", "start", "--attach", "658b8fe34b6acb780bcef9218fe8f5d3bdce4aefd9fe5bffa1a95f558b797317"]
2026-09-13T00:07:46.6731681Z RUN inspect-owned-swift-validation-7c40ee8cac8c48a19139fe36d7b30315-2: ["docker", "container", "inspect", "658b8fe34b6acb780bcef9218fe8f5d3bdce4aefd9fe5bffa1a95f558b797317"]
2026-09-13T00:07:46.6913052Z RUN find-owned-swift-validation-7c40ee8cac8c48a19139fe36d7b30315-2: ["docker", "container", "ls", "--all", "--quiet", "--no-trunc", "--filter", "id=658b8fe34b6acb780bcef9218fe8f5d3bdce4aefd9fe5bffa1a95f558b797317"]
2026-09-13T00:07:46.7092014Z RUN inspect-owned-swift-validation-7c40ee8cac8c48a19139fe36d7b30315-2: ["docker", "container", "inspect", "658b8fe34b6acb780bcef9218fe8f5d3bdce4aefd9fe5bffa1a95f558b797317"]
2026-09-13T00:07:46.7276667Z RUN remove-owned-swift-validation-7c40ee8cac8c48a19139fe36d7b30315-2: ["docker", "container", "rm", "--force", "658b8fe34b6acb780bcef9218fe8f5d3bdce4aefd9fe5bffa1a95f558b797317"]
2026-09-13T00:07:46.7615008Z RUN find-owned-swift-validation-7c40ee8cac8c48a19139fe36d7b30315-2: ["docker", "container", "ls", "--all", "--quiet", "--no-trunc", "--filter", "id=658b8fe34b6acb780bcef9218fe8f5d3bdce4aefd9fe5bffa1a95f558b797317"]
2026-09-13T00:07:46.7805521Z RUN create-run-verify-asan: ["docker", "container", "create", "--name", "swift-validation-7c40ee8cac8c48a19139fe36d7b30315-3", "--label", "org.fahlman.primes.validation-owner=7c40ee8cac8c48a19139fe36d7b30315", "--platform", "linux/amd64", "--network", "none", "--mount", "type=bind,source=/home/runner/work/Primes/Primes/solution/experiments/swift,target=/source,readonly", "--mount", "type=bind,source=/home/runner/work/_temp/swift-linux-docker-checks,target=/validation", "--workdir", "/validation", "--entrypoint", "/validation/verify-asan", "swift-validation-build:099e35afa8a2-amd64"]
2026-09-13T00:07:46.8142511Z RUN inspect-owned-swift-validation-7c40ee8cac8c48a19139fe36d7b30315-3: ["docker", "container", "inspect", "2c2d257ec5d10c0ca629eef72d8f6b93f523d751bae19e14234e6c540b8d4a68"]
2026-09-13T00:07:46.8332920Z RUN run-verify-asan: ["docker", "container", "start", "--attach", "2c2d257ec5d10c0ca629eef72d8f6b93f523d751bae19e14234e6c540b8d4a68"]
2026-09-13T00:07:47.2001978Z RUN inspect-owned-swift-validation-7c40ee8cac8c48a19139fe36d7b30315-3: ["docker", "container", "inspect", "2c2d257ec5d10c0ca629eef72d8f6b93f523d751bae19e14234e6c540b8d4a68"]
2026-09-13T00:07:47.2185929Z RUN find-owned-swift-validation-7c40ee8cac8c48a19139fe36d7b30315-3: ["docker", "container", "ls", "--all", "--quiet", "--no-trunc", "--filter", "id=2c2d257ec5d10c0ca629eef72d8f6b93f523d751bae19e14234e6c540b8d4a68"]
2026-09-13T00:07:47.2362126Z RUN inspect-owned-swift-validation-7c40ee8cac8c48a19139fe36d7b30315-3: ["docker", "container", "inspect", "2c2d257ec5d10c0ca629eef72d8f6b93f523d751bae19e14234e6c540b8d4a68"]
2026-09-13T00:07:47.2547778Z RUN remove-owned-swift-validation-7c40ee8cac8c48a19139fe36d7b30315-3: ["docker", "container", "rm", "--force", "2c2d257ec5d10c0ca629eef72d8f6b93f523d751bae19e14234e6c540b8d4a68"]
2026-09-13T00:07:47.2725064Z RUN find-owned-swift-validation-7c40ee8cac8c48a19139fe36d7b30315-3: ["docker", "container", "ls", "--all", "--quiet", "--no-trunc", "--filter", "id=2c2d257ec5d10c0ca629eef72d8f6b93f523d751bae19e14234e6c540b8d4a68"]
2026-09-13T00:07:47.2924444Z RUN create-compile-extra-verify-asan: ["docker", "container", "create", "--name", "swift-validation-7c40ee8cac8c48a19139fe36d7b30315-4", "--label", "org.fahlman.primes.validation-owner=7c40ee8cac8c48a19139fe36d7b30315", "--platform", "linux/amd64", "--network", "none", "--mount", "type=bind,source=/home/runner/work/Primes/Primes/solution/experiments/swift,target=/source,readonly", "--mount", "type=bind,source=/home/runner/work/_temp/swift-linux-docker-checks,target=/validation", "--workdir", "/validation", "--entrypoint", "swiftc", "swift-validation-build:099e35afa8a2-amd64", "-O", "-sanitize=address", "/source/PrimeSieve.swift", "/source/ExtraVerify.swift", "-o", "/validation/extra-verify-asan"]
2026-09-13T00:07:47.3262035Z RUN inspect-owned-swift-validation-7c40ee8cac8c48a19139fe36d7b30315-4: ["docker", "container", "inspect", "8fd83695954bdfe23ffd005b9ba8e5cc5c65c6b5f4df5acc19e4ec6cf5f668a2"]
2026-09-13T00:07:47.3453037Z RUN compile-extra-verify-asan: ["docker", "container", "start", "--attach", "8fd83695954bdfe23ffd005b9ba8e5cc5c65c6b5f4df5acc19e4ec6cf5f668a2"]
2026-09-13T00:09:52.9865475Z RUN inspect-owned-swift-validation-7c40ee8cac8c48a19139fe36d7b30315-4: ["docker", "container", "inspect", "8fd83695954bdfe23ffd005b9ba8e5cc5c65c6b5f4df5acc19e4ec6cf5f668a2"]
2026-09-13T00:09:53.0054769Z RUN find-owned-swift-validation-7c40ee8cac8c48a19139fe36d7b30315-4: ["docker", "container", "ls", "--all", "--quiet", "--no-trunc", "--filter", "id=8fd83695954bdfe23ffd005b9ba8e5cc5c65c6b5f4df5acc19e4ec6cf5f668a2"]
2026-09-13T00:09:53.0233383Z RUN inspect-owned-swift-validation-7c40ee8cac8c48a19139fe36d7b30315-4: ["docker", "container", "inspect", "8fd83695954bdfe23ffd005b9ba8e5cc5c65c6b5f4df5acc19e4ec6cf5f668a2"]
2026-09-13T00:09:53.0421084Z RUN remove-owned-swift-validation-7c40ee8cac8c48a19139fe36d7b30315-4: ["docker", "container", "rm", "--force", "8fd83695954bdfe23ffd005b9ba8e5cc5c65c6b5f4df5acc19e4ec6cf5f668a2"]
2026-09-13T00:09:53.0599571Z RUN find-owned-swift-validation-7c40ee8cac8c48a19139fe36d7b30315-4: ["docker", "container", "ls", "--all", "--quiet", "--no-trunc", "--filter", "id=8fd83695954bdfe23ffd005b9ba8e5cc5c65c6b5f4df5acc19e4ec6cf5f668a2"]
2026-09-13T00:09:53.0796401Z RUN create-run-extra-verify-asan: ["docker", "container", "create", "--name", "swift-validation-7c40ee8cac8c48a19139fe36d7b30315-5", "--label", "org.fahlman.primes.validation-owner=7c40ee8cac8c48a19139fe36d7b30315", "--platform", "linux/amd64", "--network", "none", "--mount", "type=bind,source=/home/runner/work/Primes/Primes/solution/experiments/swift,target=/source,readonly", "--mount", "type=bind,source=/home/runner/work/_temp/swift-linux-docker-checks,target=/validation", "--workdir", "/validation", "--entrypoint", "/validation/extra-verify-asan", "swift-validation-build:099e35afa8a2-amd64"]
2026-09-13T00:09:53.1136488Z RUN inspect-owned-swift-validation-7c40ee8cac8c48a19139fe36d7b30315-5: ["docker", "container", "inspect", "a48cfb00a9b899488509521c89d15426981986a1c531026cf891a8af712d86c0"]
2026-09-13T00:09:53.1328493Z RUN run-extra-verify-asan: ["docker", "container", "start", "--attach", "a48cfb00a9b899488509521c89d15426981986a1c531026cf891a8af712d86c0"]
2026-09-13T00:10:01.9231401Z RUN inspect-owned-swift-validation-7c40ee8cac8c48a19139fe36d7b30315-5: ["docker", "container", "inspect", "a48cfb00a9b899488509521c89d15426981986a1c531026cf891a8af712d86c0"]
2026-09-13T00:10:01.9421771Z RUN find-owned-swift-validation-7c40ee8cac8c48a19139fe36d7b30315-5: ["docker", "container", "ls", "--all", "--quiet", "--no-trunc", "--filter", "id=a48cfb00a9b899488509521c89d15426981986a1c531026cf891a8af712d86c0"]
2026-09-13T00:10:01.9602335Z RUN inspect-owned-swift-validation-7c40ee8cac8c48a19139fe36d7b30315-5: ["docker", "container", "inspect", "a48cfb00a9b899488509521c89d15426981986a1c531026cf891a8af712d86c0"]
2026-09-13T00:10:01.9792878Z RUN remove-owned-swift-validation-7c40ee8cac8c48a19139fe36d7b30315-5: ["docker", "container", "rm", "--force", "a48cfb00a9b899488509521c89d15426981986a1c531026cf891a8af712d86c0"]
2026-09-13T00:10:01.9972853Z RUN find-owned-swift-validation-7c40ee8cac8c48a19139fe36d7b30315-5: ["docker", "container", "ls", "--all", "--quiet", "--no-trunc", "--filter", "id=a48cfb00a9b899488509521c89d15426981986a1c531026cf891a8af712d86c0"]
2026-09-13T00:10:02.0182448Z RUN create-compile-phase-verify-asan: ["docker", "container", "create", "--name", "swift-validation-7c40ee8cac8c48a19139fe36d7b30315-6", "--label", "org.fahlman.primes.validation-owner=7c40ee8cac8c48a19139fe36d7b30315", "--platform", "linux/amd64", "--network", "none", "--mount", "type=bind,source=/home/runner/work/Primes/Primes/solution/experiments/swift,target=/source,readonly", "--mount", "type=bind,source=/home/runner/work/_temp/swift-linux-docker-checks,target=/validation", "--workdir", "/validation", "--entrypoint", "swiftc", "swift-validation-build:099e35afa8a2-amd64", "-O", "-sanitize=address", "/source/PrimeSieve.swift", "/source/tools/phase-split/PhaseSieve.swift", "/source/tools/phase-split/PhaseVerify.swift", "-o", "/validation/phase-verify-asan"]
2026-09-13T00:10:02.0528229Z RUN inspect-owned-swift-validation-7c40ee8cac8c48a19139fe36d7b30315-6: ["docker", "container", "inspect", "666df2eec50fea6b9f2d49ab036f2235c5fb56a37e82e68845e9c516cbac2212"]
2026-09-13T00:10:02.0720036Z RUN compile-phase-verify-asan: ["docker", "container", "start", "--attach", "666df2eec50fea6b9f2d49ab036f2235c5fb56a37e82e68845e9c516cbac2212"]
2026-09-13T00:12:34.7961829Z RUN inspect-owned-swift-validation-7c40ee8cac8c48a19139fe36d7b30315-6: ["docker", "container", "inspect", "666df2eec50fea6b9f2d49ab036f2235c5fb56a37e82e68845e9c516cbac2212"]
2026-09-13T00:12:34.8155489Z RUN find-owned-swift-validation-7c40ee8cac8c48a19139fe36d7b30315-6: ["docker", "container", "ls", "--all", "--quiet", "--no-trunc", "--filter", "id=666df2eec50fea6b9f2d49ab036f2235c5fb56a37e82e68845e9c516cbac2212"]
2026-09-13T00:12:34.8337986Z RUN inspect-owned-swift-validation-7c40ee8cac8c48a19139fe36d7b30315-6: ["docker", "container", "inspect", "666df2eec50fea6b9f2d49ab036f2235c5fb56a37e82e68845e9c516cbac2212"]
2026-09-13T00:12:34.8530517Z RUN remove-owned-swift-validation-7c40ee8cac8c48a19139fe36d7b30315-6: ["docker", "container", "rm", "--force", "666df2eec50fea6b9f2d49ab036f2235c5fb56a37e82e68845e9c516cbac2212"]
2026-09-13T00:12:34.8712000Z RUN find-owned-swift-validation-7c40ee8cac8c48a19139fe36d7b30315-6: ["docker", "container", "ls", "--all", "--quiet", "--no-trunc", "--filter", "id=666df2eec50fea6b9f2d49ab036f2235c5fb56a37e82e68845e9c516cbac2212"]
2026-09-13T00:12:34.8913474Z RUN create-run-phase-verify-asan: ["docker", "container", "create", "--name", "swift-validation-7c40ee8cac8c48a19139fe36d7b30315-7", "--label", "org.fahlman.primes.validation-owner=7c40ee8cac8c48a19139fe36d7b30315", "--platform", "linux/amd64", "--network", "none", "--mount", "type=bind,source=/home/runner/work/Primes/Primes/solution/experiments/swift,target=/source,readonly", "--mount", "type=bind,source=/home/runner/work/_temp/swift-linux-docker-checks,target=/validation", "--workdir", "/validation", "--entrypoint", "/validation/phase-verify-asan", "swift-validation-build:099e35afa8a2-amd64"]
2026-09-13T00:12:34.9256258Z RUN inspect-owned-swift-validation-7c40ee8cac8c48a19139fe36d7b30315-7: ["docker", "container", "inspect", "50d83829b97f75358569e6a91f74052f182d19cebf81ea9a943e33d03efb5cb6"]
2026-09-13T00:12:34.9448820Z RUN run-phase-verify-asan: ["docker", "container", "start", "--attach", "50d83829b97f75358569e6a91f74052f182d19cebf81ea9a943e33d03efb5cb6"]
2026-09-13T00:12:38.2197957Z RUN inspect-owned-swift-validation-7c40ee8cac8c48a19139fe36d7b30315-7: ["docker", "container", "inspect", "50d83829b97f75358569e6a91f74052f182d19cebf81ea9a943e33d03efb5cb6"]
2026-09-13T00:12:38.2395849Z RUN find-owned-swift-validation-7c40ee8cac8c48a19139fe36d7b30315-7: ["docker", "container", "ls", "--all", "--quiet", "--no-trunc", "--filter", "id=50d83829b97f75358569e6a91f74052f182d19cebf81ea9a943e33d03efb5cb6"]
2026-09-13T00:12:38.2580242Z RUN inspect-owned-swift-validation-7c40ee8cac8c48a19139fe36d7b30315-7: ["docker", "container", "inspect", "50d83829b97f75358569e6a91f74052f182d19cebf81ea9a943e33d03efb5cb6"]
2026-09-13T00:12:38.2775692Z RUN remove-owned-swift-validation-7c40ee8cac8c48a19139fe36d7b30315-7: ["docker", "container", "rm", "--force", "50d83829b97f75358569e6a91f74052f182d19cebf81ea9a943e33d03efb5cb6"]
2026-09-13T00:12:38.2958641Z RUN find-owned-swift-validation-7c40ee8cac8c48a19139fe36d7b30315-7: ["docker", "container", "ls", "--all", "--quiet", "--no-trunc", "--filter", "id=50d83829b97f75358569e6a91f74052f182d19cebf81ea9a943e33d03efb5cb6"]
2026-09-13T00:12:38.3175747Z RUN create-compile-verify-wmo: ["docker", "container", "create", "--name", "swift-validation-7c40ee8cac8c48a19139fe36d7b30315-8", "--label", "org.fahlman.primes.validation-owner=7c40ee8cac8c48a19139fe36d7b30315", "--platform", "linux/amd64", "--network", "none", "--mount", "type=bind,source=/home/runner/work/Primes/Primes/solution/experiments/swift,target=/source,readonly", "--mount", "type=bind,source=/home/runner/work/_temp/swift-linux-docker-checks,target=/validation", "--workdir", "/validation", "--entrypoint", "swiftc", "swift-validation-build:099e35afa8a2-amd64", "-O", "-whole-module-optimization", "/source/PrimeSieve.swift", "/source/Verify.swift", "-o", "/validation/verify-wmo"]
2026-09-13T00:12:38.3519908Z RUN inspect-owned-swift-validation-7c40ee8cac8c48a19139fe36d7b30315-8: ["docker", "container", "inspect", "1194d29bbe4075f681a37c1ecf048daa45b638a3cbf7e93446e1487d57c920bc"]
2026-09-13T00:12:38.3716101Z RUN compile-verify-wmo: ["docker", "container", "start", "--attach", "1194d29bbe4075f681a37c1ecf048daa45b638a3cbf7e93446e1487d57c920bc"]
2026-09-13T00:14:45.7574100Z RUN inspect-owned-swift-validation-7c40ee8cac8c48a19139fe36d7b30315-8: ["docker", "container", "inspect", "1194d29bbe4075f681a37c1ecf048daa45b638a3cbf7e93446e1487d57c920bc"]
2026-09-13T00:14:45.7770569Z RUN find-owned-swift-validation-7c40ee8cac8c48a19139fe36d7b30315-8: ["docker", "container", "ls", "--all", "--quiet", "--no-trunc", "--filter", "id=1194d29bbe4075f681a37c1ecf048daa45b638a3cbf7e93446e1487d57c920bc"]
2026-09-13T00:14:45.7955787Z RUN inspect-owned-swift-validation-7c40ee8cac8c48a19139fe36d7b30315-8: ["docker", "container", "inspect", "1194d29bbe4075f681a37c1ecf048daa45b638a3cbf7e93446e1487d57c920bc"]
2026-09-13T00:14:45.8154069Z RUN remove-owned-swift-validation-7c40ee8cac8c48a19139fe36d7b30315-8: ["docker", "container", "rm", "--force", "1194d29bbe4075f681a37c1ecf048daa45b638a3cbf7e93446e1487d57c920bc"]
2026-09-13T00:14:45.8502902Z RUN find-owned-swift-validation-7c40ee8cac8c48a19139fe36d7b30315-8: ["docker", "container", "ls", "--all", "--quiet", "--no-trunc", "--filter", "id=1194d29bbe4075f681a37c1ecf048daa45b638a3cbf7e93446e1487d57c920bc"]
2026-09-13T00:14:45.8712969Z RUN create-run-verify-wmo: ["docker", "container", "create", "--name", "swift-validation-7c40ee8cac8c48a19139fe36d7b30315-9", "--label", "org.fahlman.primes.validation-owner=7c40ee8cac8c48a19139fe36d7b30315", "--platform", "linux/amd64", "--network", "none", "--mount", "type=bind,source=/home/runner/work/Primes/Primes/solution/experiments/swift,target=/source,readonly", "--mount", "type=bind,source=/home/runner/work/_temp/swift-linux-docker-checks,target=/validation", "--workdir", "/validation", "--entrypoint", "/validation/verify-wmo", "swift-validation-build:099e35afa8a2-amd64"]
2026-09-13T00:14:45.9075530Z RUN inspect-owned-swift-validation-7c40ee8cac8c48a19139fe36d7b30315-9: ["docker", "container", "inspect", "e0c0339ddb271e5d4376ee4ccec7f05cb1b2850db6606c83fe165bcadd9af48f"]
2026-09-13T00:14:45.9273248Z RUN run-verify-wmo: ["docker", "container", "start", "--attach", "e0c0339ddb271e5d4376ee4ccec7f05cb1b2850db6606c83fe165bcadd9af48f"]
2026-09-13T00:14:46.1948339Z RUN inspect-owned-swift-validation-7c40ee8cac8c48a19139fe36d7b30315-9: ["docker", "container", "inspect", "e0c0339ddb271e5d4376ee4ccec7f05cb1b2850db6606c83fe165bcadd9af48f"]
2026-09-13T00:14:46.2147662Z RUN find-owned-swift-validation-7c40ee8cac8c48a19139fe36d7b30315-9: ["docker", "container", "ls", "--all", "--quiet", "--no-trunc", "--filter", "id=e0c0339ddb271e5d4376ee4ccec7f05cb1b2850db6606c83fe165bcadd9af48f"]
2026-09-13T00:14:46.2335293Z RUN inspect-owned-swift-validation-7c40ee8cac8c48a19139fe36d7b30315-9: ["docker", "container", "inspect", "e0c0339ddb271e5d4376ee4ccec7f05cb1b2850db6606c83fe165bcadd9af48f"]
2026-09-13T00:14:46.2536148Z RUN remove-owned-swift-validation-7c40ee8cac8c48a19139fe36d7b30315-9: ["docker", "container", "rm", "--force", "e0c0339ddb271e5d4376ee4ccec7f05cb1b2850db6606c83fe165bcadd9af48f"]
2026-09-13T00:14:46.2721913Z RUN find-owned-swift-validation-7c40ee8cac8c48a19139fe36d7b30315-9: ["docker", "container", "ls", "--all", "--quiet", "--no-trunc", "--filter", "id=e0c0339ddb271e5d4376ee4ccec7f05cb1b2850db6606c83fe165bcadd9af48f"]
2026-09-13T00:14:46.2948431Z RUN create-compile-extra-verify-wmo: ["docker", "container", "create", "--name", "swift-validation-7c40ee8cac8c48a19139fe36d7b30315-10", "--label", "org.fahlman.primes.validation-owner=7c40ee8cac8c48a19139fe36d7b30315", "--platform", "linux/amd64", "--network", "none", "--mount", "type=bind,source=/home/runner/work/Primes/Primes/solution/experiments/swift,target=/source,readonly", "--mount", "type=bind,source=/home/runner/work/_temp/swift-linux-docker-checks,target=/validation", "--workdir", "/validation", "--entrypoint", "swiftc", "swift-validation-build:099e35afa8a2-amd64", "-O", "-whole-module-optimization", "/source/PrimeSieve.swift", "/source/ExtraVerify.swift", "-o", "/validation/extra-verify-wmo"]
2026-09-13T00:14:46.3294551Z RUN inspect-owned-swift-validation-7c40ee8cac8c48a19139fe36d7b30315-10: ["docker", "container", "inspect", "e3631df38598a232cb9b6eab0209d2b6b147375da37f674600be080557be7cce"]
2026-09-13T00:14:46.3495465Z RUN compile-extra-verify-wmo: ["docker", "container", "start", "--attach", "e3631df38598a232cb9b6eab0209d2b6b147375da37f674600be080557be7cce"]
2026-09-13T00:16:46.5055359Z RUN inspect-owned-swift-validation-7c40ee8cac8c48a19139fe36d7b30315-10: ["docker", "container", "inspect", "e3631df38598a232cb9b6eab0209d2b6b147375da37f674600be080557be7cce"]
2026-09-13T00:16:46.5254704Z RUN find-owned-swift-validation-7c40ee8cac8c48a19139fe36d7b30315-10: ["docker", "container", "ls", "--all", "--quiet", "--no-trunc", "--filter", "id=e3631df38598a232cb9b6eab0209d2b6b147375da37f674600be080557be7cce"]
2026-09-13T00:16:46.5443510Z RUN inspect-owned-swift-validation-7c40ee8cac8c48a19139fe36d7b30315-10: ["docker", "container", "inspect", "e3631df38598a232cb9b6eab0209d2b6b147375da37f674600be080557be7cce"]
2026-09-13T00:16:46.5646624Z RUN remove-owned-swift-validation-7c40ee8cac8c48a19139fe36d7b30315-10: ["docker", "container", "rm", "--force", "e3631df38598a232cb9b6eab0209d2b6b147375da37f674600be080557be7cce"]
2026-09-13T00:16:46.5834233Z RUN find-owned-swift-validation-7c40ee8cac8c48a19139fe36d7b30315-10: ["docker", "container", "ls", "--all", "--quiet", "--no-trunc", "--filter", "id=e3631df38598a232cb9b6eab0209d2b6b147375da37f674600be080557be7cce"]
2026-09-13T00:16:46.6048693Z RUN create-run-extra-verify-wmo: ["docker", "container", "create", "--name", "swift-validation-7c40ee8cac8c48a19139fe36d7b30315-11", "--label", "org.fahlman.primes.validation-owner=7c40ee8cac8c48a19139fe36d7b30315", "--platform", "linux/amd64", "--network", "none", "--mount", "type=bind,source=/home/runner/work/Primes/Primes/solution/experiments/swift,target=/source,readonly", "--mount", "type=bind,source=/home/runner/work/_temp/swift-linux-docker-checks,target=/validation", "--workdir", "/validation", "--entrypoint", "/validation/extra-verify-wmo", "swift-validation-build:099e35afa8a2-amd64"]
2026-09-13T00:16:46.6397341Z RUN inspect-owned-swift-validation-7c40ee8cac8c48a19139fe36d7b30315-11: ["docker", "container", "inspect", "13c2bcd44618dd537068e58fbbd41c1e3a7fa397594be054bc53d2b128e0686b"]
2026-09-13T00:16:46.6598686Z RUN run-extra-verify-wmo: ["docker", "container", "start", "--attach", "13c2bcd44618dd537068e58fbbd41c1e3a7fa397594be054bc53d2b128e0686b"]
2026-09-13T00:16:50.3345284Z RUN inspect-owned-swift-validation-7c40ee8cac8c48a19139fe36d7b30315-11: ["docker", "container", "inspect", "13c2bcd44618dd537068e58fbbd41c1e3a7fa397594be054bc53d2b128e0686b"]
2026-09-13T00:16:50.3547613Z RUN find-owned-swift-validation-7c40ee8cac8c48a19139fe36d7b30315-11: ["docker", "container", "ls", "--all", "--quiet", "--no-trunc", "--filter", "id=13c2bcd44618dd537068e58fbbd41c1e3a7fa397594be054bc53d2b128e0686b"]
2026-09-13T00:16:50.3736212Z RUN inspect-owned-swift-validation-7c40ee8cac8c48a19139fe36d7b30315-11: ["docker", "container", "inspect", "13c2bcd44618dd537068e58fbbd41c1e3a7fa397594be054bc53d2b128e0686b"]
2026-09-13T00:16:50.3942013Z RUN remove-owned-swift-validation-7c40ee8cac8c48a19139fe36d7b30315-11: ["docker", "container", "rm", "--force", "13c2bcd44618dd537068e58fbbd41c1e3a7fa397594be054bc53d2b128e0686b"]
2026-09-13T00:16:50.4134942Z RUN find-owned-swift-validation-7c40ee8cac8c48a19139fe36d7b30315-11: ["docker", "container", "ls", "--all", "--quiet", "--no-trunc", "--filter", "id=13c2bcd44618dd537068e58fbbd41c1e3a7fa397594be054bc53d2b128e0686b"]
2026-09-13T00:16:50.4371467Z RUN create-compile-phase-verify-wmo: ["docker", "container", "create", "--name", "swift-validation-7c40ee8cac8c48a19139fe36d7b30315-12", "--label", "org.fahlman.primes.validation-owner=7c40ee8cac8c48a19139fe36d7b30315", "--platform", "linux/amd64", "--network", "none", "--mount", "type=bind,source=/home/runner/work/Primes/Primes/solution/experiments/swift,target=/source,readonly", "--mount", "type=bind,source=/home/runner/work/_temp/swift-linux-docker-checks,target=/validation", "--workdir", "/validation", "--entrypoint", "swiftc", "swift-validation-build:099e35afa8a2-amd64", "-O", "-whole-module-optimization", "/source/PrimeSieve.swift", "/source/tools/phase-split/PhaseSieve.swift", "/source/tools/phase-split/PhaseVerify.swift", "-o", "/validation/phase-verify-wmo"]
2026-09-13T00:16:50.4727116Z RUN inspect-owned-swift-validation-7c40ee8cac8c48a19139fe36d7b30315-12: ["docker", "container", "inspect", "7a4ef707860d8c9a31040ac4552f75c084c595e10927cc6ed4d1ada6ca707aa0"]
2026-09-13T00:16:50.4933334Z RUN compile-phase-verify-wmo: ["docker", "container", "start", "--attach", "7a4ef707860d8c9a31040ac4552f75c084c595e10927cc6ed4d1ada6ca707aa0"]
2026-09-13T00:19:07.2170100Z RUN inspect-owned-swift-validation-7c40ee8cac8c48a19139fe36d7b30315-12: ["docker", "container", "inspect", "7a4ef707860d8c9a31040ac4552f75c084c595e10927cc6ed4d1ada6ca707aa0"]
2026-09-13T00:19:07.2376478Z RUN find-owned-swift-validation-7c40ee8cac8c48a19139fe36d7b30315-12: ["docker", "container", "ls", "--all", "--quiet", "--no-trunc", "--filter", "id=7a4ef707860d8c9a31040ac4552f75c084c595e10927cc6ed4d1ada6ca707aa0"]
2026-09-13T00:19:07.2565358Z RUN inspect-owned-swift-validation-7c40ee8cac8c48a19139fe36d7b30315-12: ["docker", "container", "inspect", "7a4ef707860d8c9a31040ac4552f75c084c595e10927cc6ed4d1ada6ca707aa0"]
2026-09-13T00:19:07.2774499Z RUN remove-owned-swift-validation-7c40ee8cac8c48a19139fe36d7b30315-12: ["docker", "container", "rm", "--force", "7a4ef707860d8c9a31040ac4552f75c084c595e10927cc6ed4d1ada6ca707aa0"]
2026-09-13T00:19:07.2968971Z RUN find-owned-swift-validation-7c40ee8cac8c48a19139fe36d7b30315-12: ["docker", "container", "ls", "--all", "--quiet", "--no-trunc", "--filter", "id=7a4ef707860d8c9a31040ac4552f75c084c595e10927cc6ed4d1ada6ca707aa0"]
2026-09-13T00:19:07.3192343Z RUN create-run-phase-verify-wmo: ["docker", "container", "create", "--name", "swift-validation-7c40ee8cac8c48a19139fe36d7b30315-13", "--label", "org.fahlman.primes.validation-owner=7c40ee8cac8c48a19139fe36d7b30315", "--platform", "linux/amd64", "--network", "none", "--mount", "type=bind,source=/home/runner/work/Primes/Primes/solution/experiments/swift,target=/source,readonly", "--mount", "type=bind,source=/home/runner/work/_temp/swift-linux-docker-checks,target=/validation", "--workdir", "/validation", "--entrypoint", "/validation/phase-verify-wmo", "swift-validation-build:099e35afa8a2-amd64"]
2026-09-13T00:19:07.3545780Z RUN inspect-owned-swift-validation-7c40ee8cac8c48a19139fe36d7b30315-13: ["docker", "container", "inspect", "2b2ff94d39091a128a7483e8ba5ec1180e6449c794411764c17ed0359b220b69"]
2026-09-13T00:19:07.3753549Z RUN run-phase-verify-wmo: ["docker", "container", "start", "--attach", "2b2ff94d39091a128a7483e8ba5ec1180e6449c794411764c17ed0359b220b69"]
2026-09-13T00:19:08.7459287Z RUN inspect-owned-swift-validation-7c40ee8cac8c48a19139fe36d7b30315-13: ["docker", "container", "inspect", "2b2ff94d39091a128a7483e8ba5ec1180e6449c794411764c17ed0359b220b69"]
2026-09-13T00:19:08.7667766Z RUN find-owned-swift-validation-7c40ee8cac8c48a19139fe36d7b30315-13: ["docker", "container", "ls", "--all", "--quiet", "--no-trunc", "--filter", "id=2b2ff94d39091a128a7483e8ba5ec1180e6449c794411764c17ed0359b220b69"]
2026-09-13T00:19:08.7858472Z RUN inspect-owned-swift-validation-7c40ee8cac8c48a19139fe36d7b30315-13: ["docker", "container", "inspect", "2b2ff94d39091a128a7483e8ba5ec1180e6449c794411764c17ed0359b220b69"]
2026-09-13T00:19:08.8065601Z RUN remove-owned-swift-validation-7c40ee8cac8c48a19139fe36d7b30315-13: ["docker", "container", "rm", "--force", "2b2ff94d39091a128a7483e8ba5ec1180e6449c794411764c17ed0359b220b69"]
2026-09-13T00:19:08.8258124Z RUN find-owned-swift-validation-7c40ee8cac8c48a19139fe36d7b30315-13: ["docker", "container", "ls", "--all", "--quiet", "--no-trunc", "--filter", "id=2b2ff94d39091a128a7483e8ba5ec1180e6449c794411764c17ed0359b220b69"]
2026-09-13T00:19:08.8484388Z Evidence: /home/runner/work/_temp/swift-linux-docker-evidence/validation.json
2026-09-13T00:19:08.8622144Z ##[group]Run actions/upload-artifact@043fb46d1a93c77aae656e7c1c64a875d1fc6a0a
2026-09-13T00:19:08.8622578Z with:
2026-09-13T00:19:08.8622893Z   name: swift-linux-amd64-full-099e35afa8a2f01d79ef11f805d760e81d1d983a
2026-09-13T00:19:08.8623544Z   path: /home/runner/work/_temp/swift-linux-docker-evidence/
/home/runner/work/_temp/swift-linux-docker-lifecycle/

2026-09-13T00:19:08.8624103Z   if-no-files-found: warn
2026-09-13T00:19:08.8624333Z   retention-days: 30
2026-09-13T00:19:08.8624547Z   compression-level: 6
2026-09-13T00:19:08.8624771Z   overwrite: false
2026-09-13T00:19:08.8624981Z   include-hidden-files: false
2026-09-13T00:19:08.8625211Z   archive: true
2026-09-13T00:19:08.8625423Z env:
2026-09-13T00:19:08.8625667Z   SOLUTION_REVISION: 099e35afa8a2f01d79ef11f805d760e81d1d983a
2026-09-13T00:19:08.8625985Z ##[endgroup]
2026-09-13T00:19:09.0625013Z Multiple search paths detected. Calculating the least common ancestor of all paths
2026-09-13T00:19:09.0627763Z The least common ancestor is /home/runner/work/_temp. This will be the root directory of the artifact
2026-09-13T00:19:09.0628700Z With the provided path, there will be 322 files uploaded
2026-09-13T00:19:09.0634780Z Artifact name is valid!
2026-09-13T00:19:09.0635233Z Root directory input is valid!
2026-09-13T00:19:09.2712035Z Uploading artifact: swift-linux-amd64-full-099e35afa8a2f01d79ef11f805d760e81d1d983a.zip
2026-09-13T00:19:09.2754685Z Beginning upload of artifact content to blob storage
2026-09-13T00:19:09.6116247Z Uploaded bytes 244256
2026-09-13T00:19:09.6271070Z Finished uploading artifact content to blob storage!
2026-09-13T00:19:09.6272432Z SHA256 digest of uploaded artifact is 83de1e7306b1ec38864cc9903055d56dad97a7578b71bf571fb6691e5675d93e
2026-09-13T00:19:09.6273507Z Finalizing artifact upload
2026-09-13T00:19:09.8363914Z Artifact swift-linux-amd64-full-099e35afa8a2f01d79ef11f805d760e81d1d983a successfully finalized. Artifact ID 10308780568
2026-09-13T00:19:09.8365658Z Artifact swift-linux-amd64-full-099e35afa8a2f01d79ef11f805d760e81d1d983a has been successfully uploaded! Final size is 244256 bytes. Artifact ID is 10308780568
2026-09-13T00:19:09.8368973Z Artifact download URL: https://github.com/fahlman/Primes/actions/runs/34726948107/artifacts/10308780568
2026-09-13T00:19:09.8675382Z Post job cleanup.
2026-09-13T00:19:09.9530175Z [command]/usr/bin/git version
2026-09-13T00:19:09.9575946Z git version 2.55.0
2026-09-13T00:19:09.9621788Z Temporarily overriding HOME='/home/runner/work/_temp/c264369d-d0f5-4ea0-8129-ee82f4c5e707' before making global git config changes
2026-09-13T00:19:09.9623314Z Adding repository directory to the temporary git global config as a safe directory
2026-09-13T00:19:09.9628868Z [command]/usr/bin/git config --global --add safe.directory /home/runner/work/Primes/Primes/solution
2026-09-13T00:19:09.9664580Z Removing SSH command configuration
2026-09-13T00:19:09.9671913Z [command]/usr/bin/git config --local --name-only --get-regexp core\.sshCommand
2026-09-13T00:19:09.9718554Z [command]/usr/bin/git submodule foreach --recursive sh -c "git config --local --name-only --get-regexp 'core\.sshCommand' && git config --local --unset-all 'core.sshCommand' || :"
2026-09-13T00:19:09.9980811Z Removing HTTP extra header
2026-09-13T00:19:09.9989115Z [command]/usr/bin/git config --local --name-only --get-regexp http\.https\:\/\/github\.com\/\.extraheader
2026-09-13T00:19:10.0027485Z [command]/usr/bin/git submodule foreach --recursive sh -c "git config --local --name-only --get-regexp 'http\.https\:\/\/github\.com\/\.extraheader' && git config --local --unset-all 'http.https://github.com/.extraheader' || :"
2026-09-13T00:19:10.0299208Z Removing includeIf entries pointing to credentials config files
2026-09-13T00:19:10.0311878Z [command]/usr/bin/git config --local --name-only --get-regexp ^includeIf\.gitdir:
2026-09-13T00:19:10.0371979Z [command]/usr/bin/git submodule foreach --recursive git config --local --show-origin --name-only --get-regexp remote.origin.url
2026-09-13T00:19:10.0757604Z Post job cleanup.
2026-09-13T00:19:10.1709205Z [command]/usr/bin/git version
2026-09-13T00:19:10.1754982Z git version 2.55.0
2026-09-13T00:19:10.1801487Z Temporarily overriding HOME='/home/runner/work/_temp/bc36aa5e-5672-4c42-8463-c979215ec083' before making global git config changes
2026-09-13T00:19:10.1803037Z Adding repository directory to the temporary git global config as a safe directory
2026-09-13T00:19:10.1808534Z [command]/usr/bin/git config --global --add safe.directory /home/runner/work/Primes/Primes/workflow
2026-09-13T00:19:10.1848243Z Removing SSH command configuration
2026-09-13T00:19:10.1857267Z [command]/usr/bin/git config --local --name-only --get-regexp core\.sshCommand
2026-09-13T00:19:10.1900308Z [command]/usr/bin/git submodule foreach --recursive sh -c "git config --local --name-only --get-regexp 'core\.sshCommand' && git config --local --unset-all 'core.sshCommand' || :"
2026-09-13T00:19:10.2159285Z Removing HTTP extra header
2026-09-13T00:19:10.2166759Z [command]/usr/bin/git config --local --name-only --get-regexp http\.https\:\/\/github\.com\/\.extraheader
2026-09-13T00:19:10.2207060Z [command]/usr/bin/git submodule foreach --recursive sh -c "git config --local --name-only --get-regexp 'http\.https\:\/\/github\.com\/\.extraheader' && git config --local --unset-all 'http.https://github.com/.extraheader' || :"
2026-09-13T00:19:10.2461281Z Removing includeIf entries pointing to credentials config files
2026-09-13T00:19:10.2472512Z [command]/usr/bin/git config --local --name-only --get-regexp ^includeIf\.gitdir:
2026-09-13T00:19:10.2512099Z [command]/usr/bin/git submodule foreach --recursive git config --local --show-origin --name-only --get-regexp remote.origin.url
2026-09-13T00:19:10.2923097Z Cleaning up orphan processes
