[
    {
        "Id": "sha256:db287cb6be81219cd18c1d82b70908f5d33eb028568b456f78eedff2ff2930e4",
        "RepoTags": [
            "busybox:1.37.0"
        ],
        "RepoDigests": [
            "busybox@sha256:9db7b59979c38555a39def84a31fb98b5296952f9e3afd4f6f11f05b07adfab0"
        ],
        "Parent": "",
        "Comment": "",
        "Created": "2024-09-26T21:31:42Z",
        "DockerVersion": "",
        "Author": "",
        "Config": {
            "Hostname": "",
            "Domainname": "",
            "User": "",
            "AttachStdin": false,
            "AttachStdout": false,
            "AttachStderr": false,
            "Tty": false,
            "OpenStdin": false,
            "StdinOnce": false,
            "Env": [
                "PATH=/usr/local/sbin:/usr/local/bin:/usr/sbin:/usr/bin:/sbin:/bin"
            ],
            "Cmd": [
                "sh"
            ],
            "Image": "",
            "Volumes": null,
            "WorkingDir": "",
            "Entrypoint": null,
            "OnBuild": null,
            "Labels": null
        },
        "Architecture": "amd64",
        "Os": "linux",
        "Size": 4421246,
        "GraphDriver": {
            "Data": {
                "MergedDir": "/var/lib/docker/overlay2/11a03a56793b44fef648ff66568ba233dce8cd731b17a0967cc2cde6bcc0e700/merged",
                "UpperDir": "/var/lib/docker/overlay2/11a03a56793b44fef648ff66568ba233dce8cd731b17a0967cc2cde6bcc0e700/diff",
                "WorkDir": "/var/lib/docker/overlay2/11a03a56793b44fef648ff66568ba233dce8cd731b17a0967cc2cde6bcc0e700/work"
            },
            "Name": "overlay2"
        },
        "RootFS": {
            "Type": "layers",
            "Layers": [
                "sha256:412f8a616e1efb03d4ab94ce18ebddf3f068b637f1c7ae8dbc82306a852de408"
            ]
        },
        "Metadata": {
            "LastTagTime": "0001-01-01T00:00:00Z"
        }
    }
]
