[
    {
        "Id": "sha256:c5ab01486ef431b5bb6d106fef5be4e1d714f38c2b679f7a92d3be13051379ee",
        "RepoTags": [
            "swift-validation-build:099e35afa8a2-amd64"
        ],
        "RepoDigests": [],
        "Parent": "",
        "Comment": "buildkit.dockerfile.v0",
        "Created": "2026-09-13T00:05:34.852342948Z",
        "DockerVersion": "",
        "Author": "",
        "Config": {
            "Hostname": "",
            "Domainname": "",
            "User": "",
            "AttachStdin": false,
            "AttachStdout": false,
            "AttachStderr": false,
            "Tty": false,
            "OpenStdin": false,
            "StdinOnce": false,
            "Env": [
                "PATH=/usr/local/sbin:/usr/local/bin:/usr/sbin:/usr/bin:/sbin:/bin",
                "SWIFT_SIGNING_KEY=52BB7E3DE28A71BE22EC05FFEF80A866B47A981F",
                "SWIFT_PLATFORM=ubuntu24.04",
                "SWIFT_BRANCH=swift-6.3.3-release",
                "SWIFT_VERSION=swift-6.3.3-RELEASE",
                "SWIFT_WEBROOT=https://download.swift.org"
            ],
            "Cmd": [
                "/bin/bash"
            ],
            "Image": "",
            "Volumes": null,
            "WorkingDir": "/app",
            "Entrypoint": null,
            "OnBuild": null,
            "Labels": {
                "description": "Docker Container for the Swift programming language",
                "maintainer": "Swift Infrastructure <swift-infrastructure@forums.swift.org>",
                "org.opencontainers.image.version": "24.04"
            }
        },
        "Architecture": "amd64",
        "Os": "linux",
        "Size": 4005229093,
        "GraphDriver": {
            "Data": {
                "LowerDir": "/var/lib/docker/overlay2/xe6ljm9sgd0vpp51eamb59sdx/diff:/var/lib/docker/overlay2/jlqtlpovtmzfo3x69b1uxitpb/diff:/var/lib/docker/overlay2/3750dbaf3d3b8611428c9df4ac3055488c48986f9d6ac61f2fdd02b6e908ce72/diff:/var/lib/docker/overlay2/b3a02bfe5de345c6f0715cd6f394d63fb47d40a1f3f1e2b289fc27d99f48cabf/diff:/var/lib/docker/overlay2/acd505c830154ab6ad99e6ef79464d810b2ee92506e12348e11d2f9ccdf4d0ba/diff:/var/lib/docker/overlay2/830105c50ce89dc5ef79ea998bbea6f8563158e4b25937f67abe11ddddb2fc67/diff",
                "MergedDir": "/var/lib/docker/overlay2/gyaoxbid8m7jdccm7l3uhk024/merged",
                "UpperDir": "/var/lib/docker/overlay2/gyaoxbid8m7jdccm7l3uhk024/diff",
                "WorkDir": "/var/lib/docker/overlay2/gyaoxbid8m7jdccm7l3uhk024/work"
            },
            "Name": "overlay2"
        },
        "RootFS": {
            "Type": "layers",
            "Layers": [
                "sha256:6078cde548a521a729def2ee7875e9f65513c18f0d4bac4db817417617d7006a",
                "sha256:fb60e30977f8a17c53883575d7e1b5ca6d018ce9dd02ca48f0521b5b2703a322",
                "sha256:9556398c3e4a5699f1c55466b8f2e5aa75e8e6f6b5a257f10f33e290b93934f8",
                "sha256:cf6af23754b790e405adb440fa40745161139a43a7c3198188f225c548315a59",
                "sha256:67ffb05dd64521d8693df12c737100a1285ee1a3ca4185e9dcefb96c17090713",
                "sha256:a93b6e185a6c165bb7ed26d9ac2d58e847f93008fa2297251b48de7ad682a822",
                "sha256:84d2d5df75af6d136ffca6b720d9e72ace2202394d21eccd566e31e0196f1fdc"
            ]
        },
        "Metadata": {
            "LastTagTime": "2026-09-13T00:05:35.570701727Z"
        }
    }
]
